[    0.000000] Linux version 5.10.0-21-amd64 (debian-kernel@lists.debian.org) (gcc-10 (Debian 10.2.1-6) 10.2.1 20210110, GNU ld (GNU Binutils for Debian) 2.35.2) #1 SMP Debian 5.10.162-1 (2023-01-21)
[    0.000000] Command line: console=tty0 console=ttyS0,115200n8 root=PARTUUID=a0000000-0000-0000-0000-00000000000a rootfstype=ext4 rw inframac=10:70:fd:57:0e:14 infravid=1877
[    0.000000] x86/fpu: Supporting XSAVE feature 0x001: 'x87 floating point registers'
[    0.000000] x86/fpu: Supporting XSAVE feature 0x002: 'SSE registers'
[    0.000000] x86/fpu: Supporting XSAVE feature 0x004: 'AVX registers'
[    0.000000] x86/fpu: xstate_offset[2]:  576, xstate_sizes[2]:  256
[    0.000000] x86/fpu: Enabled xstate features 0x7, context size is 832 bytes, using 'compacted' format.
[    0.000000] BIOS-provided physical RAM map:
[    0.000000] BIOS-e820: [mem 0x0000000000000000-0x000000000009ffff] usable
[    0.000000] BIOS-e820: [mem 0x00000000000a0000-0x00000000000fffff] reserved
[    0.000000] BIOS-e820: [mem 0x0000000000100000-0x000000002fffffff] usable
[    0.000000] BIOS-e820: [mem 0x0000000030000000-0x0000000030042fff] ACPI NVS
[    0.000000] BIOS-e820: [mem 0x0000000030043000-0x0000000075daffff] usable
[    0.000000] BIOS-e820: [mem 0x0000000075db0000-0x0000000075ffffff] reserved
[    0.000000] BIOS-e820: [mem 0x0000000076000000-0x00000000765dc017] usable
[    0.000000] BIOS-e820: [mem 0x00000000765dc018-0x00000000765e8457] usable
[    0.000000] BIOS-e820: [mem 0x00000000765e8458-0x00000000765e9017] usable
[    0.000000] BIOS-e820: [mem 0x00000000765e9018-0x00000000765f5457] usable
[    0.000000] BIOS-e820: [mem 0x00000000765f5458-0x00000000765f6017] usable
[    0.000000] BIOS-e820: [mem 0x00000000765f6018-0x0000000076602457] usable
[    0.000000] BIOS-e820: [mem 0x0000000076602458-0x0000000076603017] usable
[    0.000000] BIOS-e820: [mem 0x0000000076603018-0x000000007660f457] usable
[    0.000000] BIOS-e820: [mem 0x000000007660f458-0x0000000076610017] usable
[    0.000000] BIOS-e820: [mem 0x0000000076610018-0x000000007661c457] usable
[    0.000000] BIOS-e820: [mem 0x000000007661c458-0x000000007661d017] usable
[    0.000000] BIOS-e820: [mem 0x000000007661d018-0x0000000076629457] usable
[    0.000000] BIOS-e820: [mem 0x0000000076629458-0x000000007662a017] usable
[    0.000000] BIOS-e820: [mem 0x000000007662a018-0x0000000076649e57] usable
[    0.000000] BIOS-e820: [mem 0x0000000076649e58-0x000000007664a017] usable
[    0.000000] BIOS-e820: [mem 0x000000007664a018-0x00000000766b5e57] usable
[    0.000000] BIOS-e820: [mem 0x00000000766b5e58-0x00000000766b6017] usable
[    0.000000] BIOS-e820: [mem 0x00000000766b6018-0x0000000076721e57] usable
[    0.000000] BIOS-e820: [mem 0x0000000076721e58-0x0000000076722017] usable
[    0.000000] BIOS-e820: [mem 0x0000000076722018-0x00000000767da457] usable
[    0.000000] BIOS-e820: [mem 0x00000000767da458-0x00000000767db017] usable
[    0.000000] BIOS-e820: [mem 0x00000000767db018-0x0000000076893457] usable
[    0.000000] BIOS-e820: [mem 0x0000000076893458-0x00000000859b9fff] usable
[    0.000000] BIOS-e820: [mem 0x00000000859ba000-0x0000000087b2efff] reserved
[    0.000000] BIOS-e820: [mem 0x0000000087b2f000-0x0000000087cddfff] ACPI data
[    0.000000] BIOS-e820: [mem 0x0000000087cde000-0x000000008815efff] ACPI NVS
[    0.000000] BIOS-e820: [mem 0x000000008815f000-0x0000000089089fff] reserved
[    0.000000] BIOS-e820: [mem 0x000000008908a000-0x000000008bffffff] usable
[    0.000000] BIOS-e820: [mem 0x000000008c000000-0x000000008fffffff] reserved
[    0.000000] BIOS-e820: [mem 0x0000000094000000-0x0000000095ffffff] reserved
[    0.000000] BIOS-e820: [mem 0x000000009e000000-0x000000009fffffff] reserved
[    0.000000] BIOS-e820: [mem 0x00000000a8000000-0x00000000a9ffffff] reserved
[    0.000000] BIOS-e820: [mem 0x00000000f4000000-0x00000000f5ffffff] reserved
[    0.000000] BIOS-e820: [mem 0x00000000fe000000-0x00000000ffffffff] reserved
[    0.000000] BIOS-e820: [mem 0x0000000100000000-0x000000206effffff] usable
[    0.000000] BIOS-e820: [mem 0x000000206f000000-0x000000206fffffff] reserved
[    0.000000] BIOS-e820: [mem 0x0000002070000000-0x000000406fbfffff] usable
[    0.000000] BIOS-e820: [mem 0x000000406fc00000-0x000000406fffffff] reserved
[    0.000000] BIOS-e820: [mem 0x0000010000000000-0x00000100201fffff] reserved
[    0.000000] BIOS-e820: [mem 0x0000020030000000-0x00000200403fffff] reserved
[    0.000000] BIOS-e820: [mem 0x0000020060000000-0x00000200801fffff] reserved
[    0.000000] BIOS-e820: [mem 0x0000040090000000-0x00000400a03fffff] reserved
[    0.000000] BIOS-e820: [mem 0x00000400c0000000-0x00000400e01fffff] reserved
[    0.000000] BIOS-e820: [mem 0x00000500f0000000-0x00000501003fffff] reserved
[    0.000000] BIOS-e820: [mem 0x0000050120000000-0x00000501401fffff] reserved
[    0.000000] BIOS-e820: [mem 0x0000060150000000-0x00000601603fffff] reserved
[    0.000000] BIOS-e820: [mem 0x000007fc00000000-0x000007fc03ffffff] reserved
[    0.000000] NX (Execute Disable) protection: active
[    0.000000] e820: update [mem 0x000993f0-0x0009945f] usable ==> usable
[    0.000000] extended physical RAM map:
[    0.000000] reserve setup_data: [mem 0x0000000000000000-0x00000000000993ef] usable
[    0.000000] reserve setup_data: [mem 0x00000000000993f0-0x000000000009945f] usable
[    0.000000] reserve setup_data: [mem 0x0000000000099460-0x000000000009ffff] usable
[    0.000000] reserve setup_data: [mem 0x00000000000a0000-0x00000000000fffff] reserved
[    0.000000] reserve setup_data: [mem 0x0000000000100000-0x000000002fffffff] usable
[    0.000000] reserve setup_data: [mem 0x0000000030000000-0x0000000030042fff] ACPI NVS
[    0.000000] reserve setup_data: [mem 0x0000000030043000-0x0000000075daffff] usable
[    0.000000] reserve setup_data: [mem 0x0000000075db0000-0x0000000075ffffff] reserved
[    0.000000] reserve setup_data: [mem 0x0000000076000000-0x00000000765dc017] usable
[    0.000000] reserve setup_data: [mem 0x00000000765dc018-0x00000000765e8457] usable
[    0.000000] reserve setup_data: [mem 0x00000000765e8458-0x00000000765e9017] usable
[    0.000000] reserve setup_data: [mem 0x00000000765e9018-0x00000000765f5457] usable
[    0.000000] reserve setup_data: [mem 0x00000000765f5458-0x00000000765f6017] usable
[    0.000000] reserve setup_data: [mem 0x00000000765f6018-0x0000000076602457] usable
[    0.000000] reserve setup_data: [mem 0x0000000076602458-0x0000000076603017] usable
[    0.000000] reserve setup_data: [mem 0x0000000076603018-0x000000007660f457] usable
[    0.000000] reserve setup_data: [mem 0x000000007660f458-0x0000000076610017] usable
[    0.000000] reserve setup_data: [mem 0x0000000076610018-0x000000007661c457] usable
[    0.000000] reserve setup_data: [mem 0x000000007661c458-0x000000007661d017] usable
[    0.000000] reserve setup_data: [mem 0x000000007661d018-0x0000000076629457] usable
[    0.000000] reserve setup_data: [mem 0x0000000076629458-0x000000007662a017] usable
[    0.000000] reserve setup_data: [mem 0x000000007662a018-0x0000000076649e57] usable
[    0.000000] reserve setup_data: [mem 0x0000000076649e58-0x000000007664a017] usable
[    0.000000] reserve setup_data: [mem 0x000000007664a018-0x00000000766b5e57] usable
[    0.000000] reserve setup_data: [mem 0x00000000766b5e58-0x00000000766b6017] usable
[    0.000000] reserve setup_data: [mem 0x00000000766b6018-0x0000000076721e57] usable
[    0.000000] reserve setup_data: [mem 0x0000000076721e58-0x0000000076722017] usable
[    0.000000] reserve setup_data: [mem 0x0000000076722018-0x00000000767da457] usable
[    0.000000] reserve setup_data: [mem 0x00000000767da458-0x00000000767db017] usable
[    0.000000] reserve setup_data: [mem 0x00000000767db018-0x0000000076893457] usable
[    0.000000] reserve setup_data: [mem 0x0000000076893458-0x00000000859b9fff] usable
[    0.000000] reserve setup_data: [mem 0x00000000859ba000-0x0000000087b2efff] reserved
[    0.000000] reserve setup_data: [mem 0x0000000087b2f000-0x0000000087cddfff] ACPI data
[    0.000000] reserve setup_data: [mem 0x0000000087cde000-0x000000008815efff] ACPI NVS
[    0.000000] reserve setup_data: [mem 0x000000008815f000-0x0000000089089fff] reserved
[    0.000000] reserve setup_data: [mem 0x000000008908a000-0x000000008bffffff] usable
[    0.000000] reserve setup_data: [mem 0x000000008c000000-0x000000008fffffff] reserved
[    0.000000] reserve setup_data: [mem 0x0000000094000000-0x0000000095ffffff] reserved
[    0.000000] reserve setup_data: [mem 0x000000009e000000-0x000000009fffffff] reserved
[    0.000000] reserve setup_data: [mem 0x00000000a8000000-0x00000000a9ffffff] reserved
[    0.000000] reserve setup_data: [mem 0x00000000f4000000-0x00000000f5ffffff] reserved
[    0.000000] reserve setup_data: [mem 0x00000000fe000000-0x00000000ffffffff] reserved
[    0.000000] reserve setup_data: [mem 0x0000000100000000-0x000000206effffff] usable
[    0.000000] reserve setup_data: [mem 0x000000206f000000-0x000000206fffffff] reserved
[    0.000000] reserve setup_data: [mem 0x0000002070000000-0x000000406fbfffff] usable
[    0.000000] reserve setup_data: [mem 0x000000406fc00000-0x000000406fffffff] reserved
[    0.000000] reserve setup_data: [mem 0x0000010000000000-0x00000100201fffff] reserved
[    0.000000] reserve setup_data: [mem 0x0000020030000000-0x00000200403fffff] reserved
[    0.000000] reserve setup_data: [mem 0x0000020060000000-0x00000200801fffff] reserved
[    0.000000] reserve setup_data: [mem 0x0000040090000000-0x00000400a03fffff] reserved
[    0.000000] reserve setup_data: [mem 0x00000400c0000000-0x00000400e01fffff] reserved
[    0.000000] reserve setup_data: [mem 0x00000500f0000000-0x00000501003fffff] reserved
[    0.000000] reserve setup_data: [mem 0x0000050120000000-0x00000501401fffff] reserved
[    0.000000] reserve setup_data: [mem 0x0000060150000000-0x00000601603fffff] reserved
[    0.000000] reserve setup_data: [mem 0x000007fc00000000-0x000007fc03ffffff] reserved
[    0.000000] efi: EFI v2.70 by American Megatrends
[    0.000000] efi: ACPI=0x88142000 ACPI 2.0=0x88142014 SMBIOS=0x88d84000 SMBIOS 3.0=0x88d83000 MEMATTR=0x7e925018 ESRT=0x825d5d98 
[    0.000000] secureboot: Secure boot disabled
[    0.000000] SMBIOS 3.2.0 present.
[    0.000000] DMI: GIGABYTE H262-Z6A-00/MZ62-HD4-00, BIOS R25 10/11/2021
[    0.000000] tsc: Fast TSC calibration using PIT
[    0.000000] tsc: Detected 1999.821 MHz processor
[    0.000251] e820: update [mem 0x00000000-0x00000fff] usable ==> reserved
[    0.000253] e820: remove [mem 0x000a0000-0x000fffff] usable
[    0.000272] last_pfn = 0x406fc00 max_arch_pfn = 0x400000000
[    0.000276] MTRR default type: uncachable
[    0.000277] MTRR fixed ranges enabled:
[    0.000278]   00000-9FFFF write-back
[    0.000279]   A0000-BFFFF write-through
[    0.000280]   C0000-FFFFF uncachable
[    0.000281] MTRR variable ranges enabled:
[    0.000282]   0 base 000000000000 mask FFFF80000000 write-back
[    0.000283]   1 base 000088000000 mask FFFFFC000000 write-back
[    0.000284]   2 base 0000FF000000 mask FFFFFF000000 write-protect
[    0.000285]   3 base 000080000000 mask FFFFF8000000 write-back
[    0.000285]   4 base 0000887E0000 mask FFFFFFFF0000 uncachable
[    0.000286]   5 disabled
[    0.000287]   6 disabled
[    0.000287]   7 disabled
[    0.000288] TOM2: 0000004070000000 aka 263936M
[    0.001122] x86/PAT: Configuration [0-7]: WB  WC  UC- UC  WB  WP  UC- WT  
[    0.001385] last_pfn = 0x8c000 max_arch_pfn = 0x400000000
[    0.006723] esrt: Reserving ESRT space from 0x00000000825d5d98 to 0x00000000825d5df8.
[    0.006728] e820: update [mem 0x825d5000-0x825d5fff] usable ==> reserved
[    0.006754] Using GB pages for direct mapping
[    0.008003] RAMDISK: [mem 0x2b458000-0x2cffffff]
[    0.008007] ACPI: Early table checksum verification disabled
[    0.008010] ACPI: RSDP 0x0000000088142014 000024 (v02 GBT   )
[    0.008014] ACPI: XSDT 0x0000000088141728 0000EC (v01 GBT    GBTUACPI 03242016 AMI  01000013)
[    0.008020] ACPI: FACP 0x0000000087CDB000 000114 (v06 GBT    GBTUACPI 03242016 AMI  00010013)
[    0.008025] ACPI: DSDT 0x0000000087CC9000 0116B4 (v02 GBT    GBTUACPI 03242016 INTL 20120913)
[    0.008028] ACPI: FACS 0x0000000088138000 000040
[    0.008031] ACPI: SSDT 0x0000000087CDD000 00094E (v02 GBT    AmdTable 00000002 MSFT 02000002)
[    0.008034] ACPI: SPMI 0x0000000087CDC000 000041 (v05 GBT    GBTUACPI 00000000 AMI. 00000000)
[    0.008037] ACPI: FPDT 0x0000000087CC8000 000044 (v01 GBT    GBTUACPI 03242016 AMI  00010013)
[    0.008040] ACPI: FIDT 0x0000000087CC7000 00009C (v01 GBT    GBTUACPI 03242016 AMI  00010013)
[    0.008043] ACPI: MCFG 0x0000000087CC6000 00003C (v01 GBT    GBTUACPI 03242016 MSFT 00010013)
[    0.008046] ACPI: SSDT 0x0000000087CC4000 001D2D (v02 GBT    CPUSSDT  03242016 AMI  03242016)
[    0.008049] ACPI: SSDT 0x0000000087CC3000 000110 (v01 AMD    CPMRAS   00000001 INTL 20120913)
[    0.008052] ACPI: BERT 0x0000000087CC2000 000030 (v01 AMD    AMD BERT 00000001 AMD  00000001)
[    0.008055] ACPI: EINJ 0x0000000087CC0000 000150 (v01 AMD    AMD EINJ 00000001 AMD  00000001)
[    0.008058] ACPI: HPET 0x0000000087CBF000 000038 (v01 GBT    GBTUACPI 03242016 AMI  00000005)
[    0.008061] ACPI: UEFI 0x0000000088133000 000042 (v01 GBT    GBTUACPI 01072009 AMI  01000013)
[    0.008064] ACPI: IVRS 0x0000000087CBE000 000370 (v02 GBT    AmdTable 00000001 AMD  00000000)
[    0.008067] ACPI: PCCT 0x0000000087CBD000 00006E (v02 GBT    AmdTable 00000001 AMD  00000000)
[    0.008070] ACPI: SSDT 0x0000000087C80000 03CB24 (v01 GBT    AmdTable 00000001 AMD  00000001)
[    0.008073] ACPI: SRAT 0x0000000087C7E000 0018A8 (v03 GBT    AmdTable 00000001 AMD  00000001)
[    0.008076] ACPI: MSCT 0x0000000087C7D000 00004E (v01 GBT    AmdTable 00000000 AMD  00000001)
[    0.008079] ACPI: SLIT 0x0000000087C7C000 000030 (v01 GBT    AmdTable 00000001 AMD  00000001)
[    0.008082] ACPI: CRAT 0x0000000087C6D000 00E8F8 (v01 GBT    AmdTable 00000001 AMD  00000001)
[    0.008085] ACPI: CDIT 0x0000000087C6C000 00002C (v01 GBT    AmdTable 00000001 AMD  00000001)
[    0.008088] ACPI: SSDT 0x0000000087C6A000 0017DC (v01 AMD    CPMCMN   00000001 INTL 20120913)
[    0.008091] ACPI: WSMT 0x0000000087C69000 000028 (v01 GBT    GBTUACPI 03242016 AMI  00010013)
[    0.008094] ACPI: APIC 0x0000000087C67000 0010B8 (v04 GBT    GBTUACPI 03242016 AMI  00010013)
[    0.008097] ACPI: HEST 0x0000000087B86000 0E0A74 (v01 AMD    AMD HEST 00000001 AMD  00000001)
[    0.008100] ACPI: ERST 0x0000000087CC1000 000230 (v01 AMIER  AMI.ERST 00000000 AMI. 00000000)
[    0.008103] ACPI: Reserving FACP table memory at [mem 0x87cdb000-0x87cdb113]
[    0.008104] ACPI: Reserving DSDT table memory at [mem 0x87cc9000-0x87cda6b3]
[    0.008105] ACPI: Reserving FACS table memory at [mem 0x88138000-0x8813803f]
[    0.008106] ACPI: Reserving SSDT table memory at [mem 0x87cdd000-0x87cdd94d]
[    0.008107] ACPI: Reserving SPMI table memory at [mem 0x87cdc000-0x87cdc040]
[    0.008108] ACPI: Reserving FPDT table memory at [mem 0x87cc8000-0x87cc8043]
[    0.008109] ACPI: Reserving FIDT table memory at [mem 0x87cc7000-0x87cc709b]
[    0.008110] ACPI: Reserving MCFG table memory at [mem 0x87cc6000-0x87cc603b]
[    0.008111] ACPI: Reserving SSDT table memory at [mem 0x87cc4000-0x87cc5d2c]
[    0.008112] ACPI: Reserving SSDT table memory at [mem 0x87cc3000-0x87cc310f]
[    0.008113] ACPI: Reserving BERT table memory at [mem 0x87cc2000-0x87cc202f]
[    0.008114] ACPI: Reserving EINJ table memory at [mem 0x87cc0000-0x87cc014f]
[    0.008115] ACPI: Reserving HPET table memory at [mem 0x87cbf000-0x87cbf037]
[    0.008116] ACPI: Reserving UEFI table memory at [mem 0x88133000-0x88133041]
[    0.008117] ACPI: Reserving IVRS table memory at [mem 0x87cbe000-0x87cbe36f]
[    0.008118] ACPI: Reserving PCCT table memory at [mem 0x87cbd000-0x87cbd06d]
[    0.008119] ACPI: Reserving SSDT table memory at [mem 0x87c80000-0x87cbcb23]
[    0.008120] ACPI: Reserving SRAT table memory at [mem 0x87c7e000-0x87c7f8a7]
[    0.008121] ACPI: Reserving MSCT table memory at [mem 0x87c7d000-0x87c7d04d]
[    0.008122] ACPI: Reserving SLIT table memory at [mem 0x87c7c000-0x87c7c02f]
[    0.008123] ACPI: Reserving CRAT table memory at [mem 0x87c6d000-0x87c7b8f7]
[    0.008124] ACPI: Reserving CDIT table memory at [mem 0x87c6c000-0x87c6c02b]
[    0.008125] ACPI: Reserving SSDT table memory at [mem 0x87c6a000-0x87c6b7db]
[    0.008126] ACPI: Reserving WSMT table memory at [mem 0x87c69000-0x87c69027]
[    0.008127] ACPI: Reserving APIC table memory at [mem 0x87c67000-0x87c680b7]
[    0.008128] ACPI: Reserving HEST table memory at [mem 0x87b86000-0x87c66a73]
[    0.008129] ACPI: Reserving ERST table memory at [mem 0x87cc1000-0x87cc122f]
[    0.008137] ACPI: Local APIC address 0xfee00000
[    0.008154] SRAT: PXM 0 -> APIC 0x0000 -> Node 0
[    0.008155] SRAT: PXM 0 -> APIC 0x0001 -> Node 0
[    0.008156] SRAT: PXM 0 -> APIC 0x0002 -> Node 0
[    0.008157] SRAT: PXM 0 -> APIC 0x0003 -> Node 0
[    0.008158] SRAT: PXM 0 -> APIC 0x0004 -> Node 0
[    0.008159] SRAT: PXM 0 -> APIC 0x0005 -> Node 0
[    0.008160] SRAT: PXM 0 -> APIC 0x0006 -> Node 0
[    0.008161] SRAT: PXM 0 -> APIC 0x0007 -> Node 0
[    0.008162] SRAT: PXM 0 -> APIC 0x0008 -> Node 0
[    0.008163] SRAT: PXM 0 -> APIC 0x0009 -> Node 0
[    0.008164] SRAT: PXM 0 -> APIC 0x000a -> Node 0
[    0.008164] SRAT: PXM 0 -> APIC 0x000b -> Node 0
[    0.008165] SRAT: PXM 0 -> APIC 0x000c -> Node 0
[    0.008166] SRAT: PXM 0 -> APIC 0x000d -> Node 0
[    0.008167] SRAT: PXM 0 -> APIC 0x000e -> Node 0
[    0.008168] SRAT: PXM 0 -> APIC 0x000f -> Node 0
[    0.008169] SRAT: PXM 0 -> APIC 0x0010 -> Node 0
[    0.008170] SRAT: PXM 0 -> APIC 0x0011 -> Node 0
[    0.008171] SRAT: PXM 0 -> APIC 0x0012 -> Node 0
[    0.008172] SRAT: PXM 0 -> APIC 0x0013 -> Node 0
[    0.008173] SRAT: PXM 0 -> APIC 0x0014 -> Node 0
[    0.008173] SRAT: PXM 0 -> APIC 0x0015 -> Node 0
[    0.008174] SRAT: PXM 0 -> APIC 0x0016 -> Node 0
[    0.008175] SRAT: PXM 0 -> APIC 0x0017 -> Node 0
[    0.008176] SRAT: PXM 0 -> APIC 0x0018 -> Node 0
[    0.008177] SRAT: PXM 0 -> APIC 0x0019 -> Node 0
[    0.008178] SRAT: PXM 0 -> APIC 0x001a -> Node 0
[    0.008179] SRAT: PXM 0 -> APIC 0x001b -> Node 0
[    0.008180] SRAT: PXM 0 -> APIC 0x001c -> Node 0
[    0.008180] SRAT: PXM 0 -> APIC 0x001d -> Node 0
[    0.008181] SRAT: PXM 0 -> APIC 0x001e -> Node 0
[    0.008182] SRAT: PXM 0 -> APIC 0x001f -> Node 0
[    0.008183] SRAT: PXM 0 -> APIC 0x0020 -> Node 0
[    0.008184] SRAT: PXM 0 -> APIC 0x0021 -> Node 0
[    0.008185] SRAT: PXM 0 -> APIC 0x0022 -> Node 0
[    0.008186] SRAT: PXM 0 -> APIC 0x0023 -> Node 0
[    0.008187] SRAT: PXM 0 -> APIC 0x0024 -> Node 0
[    0.008187] SRAT: PXM 0 -> APIC 0x0025 -> Node 0
[    0.008188] SRAT: PXM 0 -> APIC 0x0026 -> Node 0
[    0.008189] SRAT: PXM 0 -> APIC 0x0027 -> Node 0
[    0.008190] SRAT: PXM 0 -> APIC 0x0028 -> Node 0
[    0.008191] SRAT: PXM 0 -> APIC 0x0029 -> Node 0
[    0.008192] SRAT: PXM 0 -> APIC 0x002a -> Node 0
[    0.008193] SRAT: PXM 0 -> APIC 0x002b -> Node 0
[    0.008194] SRAT: PXM 0 -> APIC 0x002c -> Node 0
[    0.008194] SRAT: PXM 0 -> APIC 0x002d -> Node 0
[    0.008195] SRAT: PXM 0 -> APIC 0x002e -> Node 0
[    0.008196] SRAT: PXM 0 -> APIC 0x002f -> Node 0
[    0.008197] SRAT: PXM 0 -> APIC 0x0030 -> Node 0
[    0.008198] SRAT: PXM 0 -> APIC 0x0031 -> Node 0
[    0.008199] SRAT: PXM 0 -> APIC 0x0032 -> Node 0
[    0.008200] SRAT: PXM 0 -> APIC 0x0033 -> Node 0
[    0.008201] SRAT: PXM 0 -> APIC 0x0034 -> Node 0
[    0.008202] SRAT: PXM 0 -> APIC 0x0035 -> Node 0
[    0.008202] SRAT: PXM 0 -> APIC 0x0036 -> Node 0
[    0.008203] SRAT: PXM 0 -> APIC 0x0037 -> Node 0
[    0.008204] SRAT: PXM 0 -> APIC 0x0038 -> Node 0
[    0.008205] SRAT: PXM 0 -> APIC 0x0039 -> Node 0
[    0.008206] SRAT: PXM 0 -> APIC 0x003a -> Node 0
[    0.008207] SRAT: PXM 0 -> APIC 0x003b -> Node 0
[    0.008208] SRAT: PXM 0 -> APIC 0x003c -> Node 0
[    0.008209] SRAT: PXM 0 -> APIC 0x003d -> Node 0
[    0.008210] SRAT: PXM 0 -> APIC 0x003e -> Node 0
[    0.008210] SRAT: PXM 0 -> APIC 0x003f -> Node 0
[    0.008211] SRAT: PXM 0 -> APIC 0x0040 -> Node 0
[    0.008212] SRAT: PXM 0 -> APIC 0x0041 -> Node 0
[    0.008213] SRAT: PXM 0 -> APIC 0x0042 -> Node 0
[    0.008214] SRAT: PXM 0 -> APIC 0x0043 -> Node 0
[    0.008215] SRAT: PXM 0 -> APIC 0x0044 -> Node 0
[    0.008216] SRAT: PXM 0 -> APIC 0x0045 -> Node 0
[    0.008217] SRAT: PXM 0 -> APIC 0x0046 -> Node 0
[    0.008218] SRAT: PXM 0 -> APIC 0x0047 -> Node 0
[    0.008218] SRAT: PXM 0 -> APIC 0x0048 -> Node 0
[    0.008219] SRAT: PXM 0 -> APIC 0x0049 -> Node 0
[    0.008220] SRAT: PXM 0 -> APIC 0x004a -> Node 0
[    0.008221] SRAT: PXM 0 -> APIC 0x004b -> Node 0
[    0.008222] SRAT: PXM 0 -> APIC 0x004c -> Node 0
[    0.008223] SRAT: PXM 0 -> APIC 0x004d -> Node 0
[    0.008224] SRAT: PXM 0 -> APIC 0x004e -> Node 0
[    0.008225] SRAT: PXM 0 -> APIC 0x004f -> Node 0
[    0.008225] SRAT: PXM 0 -> APIC 0x0050 -> Node 0
[    0.008226] SRAT: PXM 0 -> APIC 0x0051 -> Node 0
[    0.008227] SRAT: PXM 0 -> APIC 0x0052 -> Node 0
[    0.008228] SRAT: PXM 0 -> APIC 0x0053 -> Node 0
[    0.008229] SRAT: PXM 0 -> APIC 0x0054 -> Node 0
[    0.008230] SRAT: PXM 0 -> APIC 0x0055 -> Node 0
[    0.008231] SRAT: PXM 0 -> APIC 0x0056 -> Node 0
[    0.008232] SRAT: PXM 0 -> APIC 0x0057 -> Node 0
[    0.008232] SRAT: PXM 0 -> APIC 0x0058 -> Node 0
[    0.008233] SRAT: PXM 0 -> APIC 0x0059 -> Node 0
[    0.008234] SRAT: PXM 0 -> APIC 0x005a -> Node 0
[    0.008235] SRAT: PXM 0 -> APIC 0x005b -> Node 0
[    0.008236] SRAT: PXM 0 -> APIC 0x005c -> Node 0
[    0.008237] SRAT: PXM 0 -> APIC 0x005d -> Node 0
[    0.008238] SRAT: PXM 0 -> APIC 0x005e -> Node 0
[    0.008239] SRAT: PXM 0 -> APIC 0x005f -> Node 0
[    0.008239] SRAT: PXM 0 -> APIC 0x0060 -> Node 0
[    0.008240] SRAT: PXM 0 -> APIC 0x0061 -> Node 0
[    0.008241] SRAT: PXM 0 -> APIC 0x0062 -> Node 0
[    0.008242] SRAT: PXM 0 -> APIC 0x0063 -> Node 0
[    0.008243] SRAT: PXM 0 -> APIC 0x0064 -> Node 0
[    0.008244] SRAT: PXM 0 -> APIC 0x0065 -> Node 0
[    0.008245] SRAT: PXM 0 -> APIC 0x0066 -> Node 0
[    0.008246] SRAT: PXM 0 -> APIC 0x0067 -> Node 0
[    0.008247] SRAT: PXM 0 -> APIC 0x0068 -> Node 0
[    0.008248] SRAT: PXM 0 -> APIC 0x0069 -> Node 0
[    0.008248] SRAT: PXM 0 -> APIC 0x006a -> Node 0
[    0.008249] SRAT: PXM 0 -> APIC 0x006b -> Node 0
[    0.008250] SRAT: PXM 0 -> APIC 0x006c -> Node 0
[    0.008251] SRAT: PXM 0 -> APIC 0x006d -> Node 0
[    0.008252] SRAT: PXM 0 -> APIC 0x006e -> Node 0
[    0.008253] SRAT: PXM 0 -> APIC 0x006f -> Node 0
[    0.008254] SRAT: PXM 0 -> APIC 0x0070 -> Node 0
[    0.008255] SRAT: PXM 0 -> APIC 0x0071 -> Node 0
[    0.008255] SRAT: PXM 0 -> APIC 0x0072 -> Node 0
[    0.008256] SRAT: PXM 0 -> APIC 0x0073 -> Node 0
[    0.008257] SRAT: PXM 0 -> APIC 0x0074 -> Node 0
[    0.008258] SRAT: PXM 0 -> APIC 0x0075 -> Node 0
[    0.008259] SRAT: PXM 0 -> APIC 0x0076 -> Node 0
[    0.008260] SRAT: PXM 0 -> APIC 0x0077 -> Node 0
[    0.008261] SRAT: PXM 0 -> APIC 0x0078 -> Node 0
[    0.008262] SRAT: PXM 0 -> APIC 0x0079 -> Node 0
[    0.008262] SRAT: PXM 0 -> APIC 0x007a -> Node 0
[    0.008263] SRAT: PXM 0 -> APIC 0x007b -> Node 0
[    0.008264] SRAT: PXM 0 -> APIC 0x007c -> Node 0
[    0.008265] SRAT: PXM 0 -> APIC 0x007d -> Node 0
[    0.008266] SRAT: PXM 0 -> APIC 0x007e -> Node 0
[    0.008267] SRAT: PXM 0 -> APIC 0x007f -> Node 0
[    0.008268] SRAT: PXM 1 -> APIC 0x0080 -> Node 1
[    0.008269] SRAT: PXM 1 -> APIC 0x0081 -> Node 1
[    0.008270] SRAT: PXM 1 -> APIC 0x0082 -> Node 1
[    0.008270] SRAT: PXM 1 -> APIC 0x0083 -> Node 1
[    0.008271] SRAT: PXM 1 -> APIC 0x0084 -> Node 1
[    0.008272] SRAT: PXM 1 -> APIC 0x0085 -> Node 1
[    0.008273] SRAT: PXM 1 -> APIC 0x0086 -> Node 1
[    0.008274] SRAT: PXM 1 -> APIC 0x0087 -> Node 1
[    0.008275] SRAT: PXM 1 -> APIC 0x0088 -> Node 1
[    0.008276] SRAT: PXM 1 -> APIC 0x0089 -> Node 1
[    0.008277] SRAT: PXM 1 -> APIC 0x008a -> Node 1
[    0.008278] SRAT: PXM 1 -> APIC 0x008b -> Node 1
[    0.008278] SRAT: PXM 1 -> APIC 0x008c -> Node 1
[    0.008279] SRAT: PXM 1 -> APIC 0x008d -> Node 1
[    0.008280] SRAT: PXM 1 -> APIC 0x008e -> Node 1
[    0.008281] SRAT: PXM 1 -> APIC 0x008f -> Node 1
[    0.008282] SRAT: PXM 1 -> APIC 0x0090 -> Node 1
[    0.008283] SRAT: PXM 1 -> APIC 0x0091 -> Node 1
[    0.008284] SRAT: PXM 1 -> APIC 0x0092 -> Node 1
[    0.008285] SRAT: PXM 1 -> APIC 0x0093 -> Node 1
[    0.008285] SRAT: PXM 1 -> APIC 0x0094 -> Node 1
[    0.008286] SRAT: PXM 1 -> APIC 0x0095 -> Node 1
[    0.008287] SRAT: PXM 1 -> APIC 0x0096 -> Node 1
[    0.008288] SRAT: PXM 1 -> APIC 0x0097 -> Node 1
[    0.008289] SRAT: PXM 1 -> APIC 0x0098 -> Node 1
[    0.008290] SRAT: PXM 1 -> APIC 0x0099 -> Node 1
[    0.008291] SRAT: PXM 1 -> APIC 0x009a -> Node 1
[    0.008292] SRAT: PXM 1 -> APIC 0x009b -> Node 1
[    0.008293] SRAT: PXM 1 -> APIC 0x009c -> Node 1
[    0.008293] SRAT: PXM 1 -> APIC 0x009d -> Node 1
[    0.008294] SRAT: PXM 1 -> APIC 0x009e -> Node 1
[    0.008295] SRAT: PXM 1 -> APIC 0x009f -> Node 1
[    0.008296] SRAT: PXM 1 -> APIC 0x00a0 -> Node 1
[    0.008297] SRAT: PXM 1 -> APIC 0x00a1 -> Node 1
[    0.008298] SRAT: PXM 1 -> APIC 0x00a2 -> Node 1
[    0.008299] SRAT: PXM 1 -> APIC 0x00a3 -> Node 1
[    0.008300] SRAT: PXM 1 -> APIC 0x00a4 -> Node 1
[    0.008300] SRAT: PXM 1 -> APIC 0x00a5 -> Node 1
[    0.008301] SRAT: PXM 1 -> APIC 0x00a6 -> Node 1
[    0.008302] SRAT: PXM 1 -> APIC 0x00a7 -> Node 1
[    0.008303] SRAT: PXM 1 -> APIC 0x00a8 -> Node 1
[    0.008304] SRAT: PXM 1 -> APIC 0x00a9 -> Node 1
[    0.008305] SRAT: PXM 1 -> APIC 0x00aa -> Node 1
[    0.008306] SRAT: PXM 1 -> APIC 0x00ab -> Node 1
[    0.008307] SRAT: PXM 1 -> APIC 0x00ac -> Node 1
[    0.008307] SRAT: PXM 1 -> APIC 0x00ad -> Node 1
[    0.008308] SRAT: PXM 1 -> APIC 0x00ae -> Node 1
[    0.008309] SRAT: PXM 1 -> APIC 0x00af -> Node 1
[    0.008310] SRAT: PXM 1 -> APIC 0x00b0 -> Node 1
[    0.008311] SRAT: PXM 1 -> APIC 0x00b1 -> Node 1
[    0.008312] SRAT: PXM 1 -> APIC 0x00b2 -> Node 1
[    0.008313] SRAT: PXM 1 -> APIC 0x00b3 -> Node 1
[    0.008314] SRAT: PXM 1 -> APIC 0x00b4 -> Node 1
[    0.008315] SRAT: PXM 1 -> APIC 0x00b5 -> Node 1
[    0.008315] SRAT: PXM 1 -> APIC 0x00b6 -> Node 1
[    0.008316] SRAT: PXM 1 -> APIC 0x00b7 -> Node 1
[    0.008317] SRAT: PXM 1 -> APIC 0x00b8 -> Node 1
[    0.008318] SRAT: PXM 1 -> APIC 0x00b9 -> Node 1
[    0.008319] SRAT: PXM 1 -> APIC 0x00ba -> Node 1
[    0.008320] SRAT: PXM 1 -> APIC 0x00bb -> Node 1
[    0.008321] SRAT: PXM 1 -> APIC 0x00bc -> Node 1
[    0.008322] SRAT: PXM 1 -> APIC 0x00bd -> Node 1
[    0.008322] SRAT: PXM 1 -> APIC 0x00be -> Node 1
[    0.008323] SRAT: PXM 1 -> APIC 0x00bf -> Node 1
[    0.008324] SRAT: PXM 1 -> APIC 0x00c0 -> Node 1
[    0.008325] SRAT: PXM 1 -> APIC 0x00c1 -> Node 1
[    0.008326] SRAT: PXM 1 -> APIC 0x00c2 -> Node 1
[    0.008327] SRAT: PXM 1 -> APIC 0x00c3 -> Node 1
[    0.008328] SRAT: PXM 1 -> APIC 0x00c4 -> Node 1
[    0.008329] SRAT: PXM 1 -> APIC 0x00c5 -> Node 1
[    0.008330] SRAT: PXM 1 -> APIC 0x00c6 -> Node 1
[    0.008331] SRAT: PXM 1 -> APIC 0x00c7 -> Node 1
[    0.008331] SRAT: PXM 1 -> APIC 0x00c8 -> Node 1
[    0.008332] SRAT: PXM 1 -> APIC 0x00c9 -> Node 1
[    0.008333] SRAT: PXM 1 -> APIC 0x00ca -> Node 1
[    0.008334] SRAT: PXM 1 -> APIC 0x00cb -> Node 1
[    0.008335] SRAT: PXM 1 -> APIC 0x00cc -> Node 1
[    0.008336] SRAT: PXM 1 -> APIC 0x00cd -> Node 1
[    0.008337] SRAT: PXM 1 -> APIC 0x00ce -> Node 1
[    0.008338] SRAT: PXM 1 -> APIC 0x00cf -> Node 1
[    0.008338] SRAT: PXM 1 -> APIC 0x00d0 -> Node 1
[    0.008339] SRAT: PXM 1 -> APIC 0x00d1 -> Node 1
[    0.008340] SRAT: PXM 1 -> APIC 0x00d2 -> Node 1
[    0.008341] SRAT: PXM 1 -> APIC 0x00d3 -> Node 1
[    0.008342] SRAT: PXM 1 -> APIC 0x00d4 -> Node 1
[    0.008343] SRAT: PXM 1 -> APIC 0x00d5 -> Node 1
[    0.008344] SRAT: PXM 1 -> APIC 0x00d6 -> Node 1
[    0.008345] SRAT: PXM 1 -> APIC 0x00d7 -> Node 1
[    0.008345] SRAT: PXM 1 -> APIC 0x00d8 -> Node 1
[    0.008346] SRAT: PXM 1 -> APIC 0x00d9 -> Node 1
[    0.008347] SRAT: PXM 1 -> APIC 0x00da -> Node 1
[    0.008348] SRAT: PXM 1 -> APIC 0x00db -> Node 1
[    0.008349] SRAT: PXM 1 -> APIC 0x00dc -> Node 1
[    0.008350] SRAT: PXM 1 -> APIC 0x00dd -> Node 1
[    0.008351] SRAT: PXM 1 -> APIC 0x00de -> Node 1
[    0.008352] SRAT: PXM 1 -> APIC 0x00df -> Node 1
[    0.008352] SRAT: PXM 1 -> APIC 0x00e0 -> Node 1
[    0.008353] SRAT: PXM 1 -> APIC 0x00e1 -> Node 1
[    0.008354] SRAT: PXM 1 -> APIC 0x00e2 -> Node 1
[    0.008355] SRAT: PXM 1 -> APIC 0x00e3 -> Node 1
[    0.008356] SRAT: PXM 1 -> APIC 0x00e4 -> Node 1
[    0.008357] SRAT: PXM 1 -> APIC 0x00e5 -> Node 1
[    0.008358] SRAT: PXM 1 -> APIC 0x00e6 -> Node 1
[    0.008359] SRAT: PXM 1 -> APIC 0x00e7 -> Node 1
[    0.008359] SRAT: PXM 1 -> APIC 0x00e8 -> Node 1
[    0.008360] SRAT: PXM 1 -> APIC 0x00e9 -> Node 1
[    0.008361] SRAT: PXM 1 -> APIC 0x00ea -> Node 1
[    0.008362] SRAT: PXM 1 -> APIC 0x00eb -> Node 1
[    0.008363] SRAT: PXM 1 -> APIC 0x00ec -> Node 1
[    0.008364] SRAT: PXM 1 -> APIC 0x00ed -> Node 1
[    0.008365] SRAT: PXM 1 -> APIC 0x00ee -> Node 1
[    0.008366] SRAT: PXM 1 -> APIC 0x00ef -> Node 1
[    0.008367] SRAT: PXM 1 -> APIC 0x00f0 -> Node 1
[    0.008367] SRAT: PXM 1 -> APIC 0x00f1 -> Node 1
[    0.008368] SRAT: PXM 1 -> APIC 0x00f2 -> Node 1
[    0.008369] SRAT: PXM 1 -> APIC 0x00f3 -> Node 1
[    0.008370] SRAT: PXM 1 -> APIC 0x00f4 -> Node 1
[    0.008371] SRAT: PXM 1 -> APIC 0x00f5 -> Node 1
[    0.008372] SRAT: PXM 1 -> APIC 0x00f6 -> Node 1
[    0.008373] SRAT: PXM 1 -> APIC 0x00f7 -> Node 1
[    0.008374] SRAT: PXM 1 -> APIC 0x00f8 -> Node 1
[    0.008375] SRAT: PXM 1 -> APIC 0x00f9 -> Node 1
[    0.008376] SRAT: PXM 1 -> APIC 0x00fa -> Node 1
[    0.008376] SRAT: PXM 1 -> APIC 0x00fb -> Node 1
[    0.008377] SRAT: PXM 1 -> APIC 0x00fc -> Node 1
[    0.008378] SRAT: PXM 1 -> APIC 0x00fd -> Node 1
[    0.008379] SRAT: PXM 1 -> APIC 0x00fe -> Node 1
[    0.008380] SRAT: PXM 1 -> X2APIC 0x00ff ignored
[    0.008383] ACPI: SRAT: Node 0 PXM 0 [mem 0x00000000-0x8fffffff]
[    0.008384] ACPI: SRAT: Node 0 PXM 0 [mem 0x100000000-0x206fffffff]
[    0.008385] ACPI: SRAT: Node 1 PXM 1 [mem 0x2070000000-0x406fffffff]
[    0.008391] NUMA: Initialized distance table, cnt=2
[    0.008393] NUMA: Node 0 [mem 0x00000000-0x8fffffff] + [mem 0x100000000-0x206fffffff] -> [mem 0x00000000-0x206fffffff]
[    0.008402] NODE_DATA(0) allocated [mem 0x206efd6000-0x206effffff]
[    0.008414] NODE_DATA(1) allocated [mem 0x406fbd4000-0x406fbfdfff]
[    0.008957] Zone ranges:
[    0.008958]   DMA      [mem 0x0000000000001000-0x0000000000ffffff]
[    0.008960]   DMA32    [mem 0x0000000001000000-0x00000000ffffffff]
[    0.008961]   Normal   [mem 0x0000000100000000-0x000000406fbfffff]
[    0.008963]   Device   empty
[    0.008964] Movable zone start for each node
[    0.008967] Early memory node ranges
[    0.008968]   node   0: [mem 0x0000000000001000-0x000000000009ffff]
[    0.008969]   node   0: [mem 0x0000000000100000-0x000000002fffffff]
[    0.008970]   node   0: [mem 0x0000000030043000-0x0000000075daffff]
[    0.008971]   node   0: [mem 0x0000000076000000-0x00000000859b9fff]
[    0.008972]   node   0: [mem 0x000000008908a000-0x000000008bffffff]
[    0.008973]   node   0: [mem 0x0000000100000000-0x000000206effffff]
[    0.008988]   node   1: [mem 0x0000002070000000-0x000000406fbfffff]
[    0.009003] Initmem setup node 0 [mem 0x0000000000001000-0x000000206effffff]
[    0.009005] On node 0 totalpages: 33519164
[    0.009006]   DMA zone: 64 pages used for memmap
[    0.009006]   DMA zone: 24 pages reserved
[    0.009007]   DMA zone: 3999 pages, LIFO batch:0
[    0.009009]   DMA32 zone: 8667 pages used for memmap
[    0.009009]   DMA32 zone: 554653 pages, LIFO batch:63
[    0.009010]   Normal zone: 515008 pages used for memmap
[    0.009011]   Normal zone: 32960512 pages, LIFO batch:63
[    0.009012] Initmem setup node 1 [mem 0x0000002070000000-0x000000406fbfffff]
[    0.009013] On node 1 totalpages: 33553408
[    0.009014]   Normal zone: 524272 pages used for memmap
[    0.009014]   Normal zone: 33553408 pages, LIFO batch:63
[    0.009017] On node 0, zone DMA: 1 pages in unavailable ranges
[    0.009045] On node 0, zone DMA: 96 pages in unavailable ranges
[    0.012304] On node 0, zone DMA32: 67 pages in unavailable ranges
[    0.012751] On node 0, zone DMA32: 592 pages in unavailable ranges
[    0.012960] On node 0, zone DMA32: 14032 pages in unavailable ranges
[    0.013360] On node 0, zone Normal: 16384 pages in unavailable ranges
[    0.013701] On node 1, zone Normal: 4096 pages in unavailable ranges
[    0.013712] On node 1, zone Normal: 1024 pages in unavailable ranges
[    0.013875] ACPI: PM-Timer IO Port: 0x808
[    0.013878] ACPI: Local APIC address 0xfee00000
[    0.013917] ACPI: x2apic entry ignored
[    0.013920] ACPI: X2APIC_NMI (uid[0xff] high edge lint[0x1])
[    0.013937] IOAPIC[0]: apic_id 240, version 33, address 0xfec00000, GSI 0-23
[    0.013943] IOAPIC[1]: apic_id 241, version 33, address 0xa9280000, GSI 24-55
[    0.013948] IOAPIC[2]: apic_id 242, version 33, address 0xf4180000, GSI 56-87
[    0.013954] IOAPIC[3]: apic_id 243, version 33, address 0xa8180000, GSI 88-119
[    0.013960] IOAPIC[4]: apic_id 244, version 33, address 0xf5180000, GSI 120-151
[    0.013967] IOAPIC[5]: apic_id 245, version 33, address 0x9f280000, GSI 152-183
[    0.013974] IOAPIC[6]: apic_id 246, version 33, address 0x9e180000, GSI 184-215
[    0.013980] IOAPIC[7]: apic_id 247, version 33, address 0x95180000, GSI 216-247
[    0.013987] IOAPIC[8]: apic_id 248, version 33, address 0x94280000, GSI 248-279
[    0.013990] ACPI: INT_SRC_OVR (bus 0 bus_irq 0 global_irq 2 dfl dfl)
[    0.013992] ACPI: INT_SRC_OVR (bus 0 bus_irq 9 global_irq 9 low level)
[    0.013993] ACPI: IRQ0 used by override.
[    0.013994] ACPI: IRQ9 used by override.
[    0.013997] Using ACPI (MADT) for SMP configuration information
[    0.013999] ACPI: HPET id: 0x10228201 base: 0xfed00000
[    0.014004] smpboot: Allowing 255 CPUs, 0 hotplug CPUs
[    0.014075] PM: hibernation: Registered nosave memory: [mem 0x00000000-0x00000fff]
[    0.014078] PM: hibernation: Registered nosave memory: [mem 0x00099000-0x00099fff]
[    0.014080] PM: hibernation: Registered nosave memory: [mem 0x00099000-0x00099fff]
[    0.014083] PM: hibernation: Registered nosave memory: [mem 0x000a0000-0x000fffff]
[    0.014085] PM: hibernation: Registered nosave memory: [mem 0x30000000-0x30042fff]
[    0.014088] PM: hibernation: Registered nosave memory: [mem 0x75db0000-0x75ffffff]
[    0.014090] PM: hibernation: Registered nosave memory: [mem 0x765dc000-0x765dcfff]
[    0.014092] PM: hibernation: Registered nosave memory: [mem 0x765e8000-0x765e8fff]
[    0.014093] PM: hibernation: Registered nosave memory: [mem 0x765e9000-0x765e9fff]
[    0.014096] PM: hibernation: Registered nosave memory: [mem 0x765f5000-0x765f5fff]
[    0.014097] PM: hibernation: Registered nosave memory: [mem 0x765f6000-0x765f6fff]
[    0.014099] PM: hibernation: Registered nosave memory: [mem 0x76602000-0x76602fff]
[    0.014100] PM: hibernation: Registered nosave memory: [mem 0x76603000-0x76603fff]
[    0.014102] PM: hibernation: Registered nosave memory: [mem 0x7660f000-0x7660ffff]
[    0.014103] PM: hibernation: Registered nosave memory: [mem 0x76610000-0x76610fff]
[    0.014106] PM: hibernation: Registered nosave memory: [mem 0x7661c000-0x7661cfff]
[    0.014107] PM: hibernation: Registered nosave memory: [mem 0x7661d000-0x7661dfff]
[    0.014109] PM: hibernation: Registered nosave memory: [mem 0x76629000-0x76629fff]
[    0.014110] PM: hibernation: Registered nosave memory: [mem 0x7662a000-0x7662afff]
[    0.014112] PM: hibernation: Registered nosave memory: [mem 0x76649000-0x76649fff]
[    0.014113] PM: hibernation: Registered nosave memory: [mem 0x7664a000-0x7664afff]
[    0.014116] PM: hibernation: Registered nosave memory: [mem 0x766b5000-0x766b5fff]
[    0.014117] PM: hibernation: Registered nosave memory: [mem 0x766b6000-0x766b6fff]
[    0.014119] PM: hibernation: Registered nosave memory: [mem 0x76721000-0x76721fff]
[    0.014120] PM: hibernation: Registered nosave memory: [mem 0x76722000-0x76722fff]
[    0.014122] PM: hibernation: Registered nosave memory: [mem 0x767da000-0x767dafff]
[    0.014123] PM: hibernation: Registered nosave memory: [mem 0x767db000-0x767dbfff]
[    0.014126] PM: hibernation: Registered nosave memory: [mem 0x76893000-0x76893fff]
[    0.014128] PM: hibernation: Registered nosave memory: [mem 0x825d5000-0x825d5fff]
[    0.014131] PM: hibernation: Registered nosave memory: [mem 0x859ba000-0x87b2efff]
[    0.014132] PM: hibernation: Registered nosave memory: [mem 0x87b2f000-0x87cddfff]
[    0.014133] PM: hibernation: Registered nosave memory: [mem 0x87cde000-0x8815efff]
[    0.014134] PM: hibernation: Registered nosave memory: [mem 0x8815f000-0x89089fff]
[    0.014136] PM: hibernation: Registered nosave memory: [mem 0x8c000000-0x8fffffff]
[    0.014137] PM: hibernation: Registered nosave memory: [mem 0x90000000-0x93ffffff]
[    0.014138] PM: hibernation: Registered nosave memory: [mem 0x94000000-0x95ffffff]
[    0.014139] PM: hibernation: Registered nosave memory: [mem 0x96000000-0x9dffffff]
[    0.014140] PM: hibernation: Registered nosave memory: [mem 0x9e000000-0x9fffffff]
[    0.014140] PM: hibernation: Registered nosave memory: [mem 0xa0000000-0xa7ffffff]
[    0.014141] PM: hibernation: Registered nosave memory: [mem 0xa8000000-0xa9ffffff]
[    0.014142] PM: hibernation: Registered nosave memory: [mem 0xaa000000-0xf3ffffff]
[    0.014143] PM: hibernation: Registered nosave memory: [mem 0xf4000000-0xf5ffffff]
[    0.014144] PM: hibernation: Registered nosave memory: [mem 0xf6000000-0xfdffffff]
[    0.014145] PM: hibernation: Registered nosave memory: [mem 0xfe000000-0xffffffff]
[    0.014147] PM: hibernation: Registered nosave memory: [mem 0x206f000000-0x206fffffff]
[    0.014149] [mem 0xaa000000-0xf3ffffff] available for PCI devices
[    0.014151] Booting paravirtualized kernel on bare hardware
[    0.014154] clocksource: refined-jiffies: mask: 0xffffffff max_cycles: 0xffffffff, max_idle_ns: 7645519600211568 ns
[    0.017828] setup_percpu: NR_CPUS:8192 nr_cpumask_bits:255 nr_cpu_ids:255 nr_node_ids:2
[    0.033019] percpu: Embedded 63 pages/cpu s221184 r8192 d28672 u262144
[    0.033046] pcpu-alloc: s221184 r8192 d28672 u262144 alloc=1*2097152
[    0.033047] pcpu-alloc: [0] 000 001 002 003 004 005 006 007 
[    0.033052] pcpu-alloc: [0] 008 009 010 011 012 013 014 015 
[    0.033056] pcpu-alloc: [0] 016 017 018 019 020 021 022 023 
[    0.033061] pcpu-alloc: [0] 024 025 026 027 028 029 030 031 
[    0.033065] pcpu-alloc: [0] 032 033 034 035 036 037 038 039 
[    0.033069] pcpu-alloc: [0] 040 041 042 043 044 045 046 047 
[    0.033074] pcpu-alloc: [0] 048 049 050 051 052 053 054 055 
[    0.033078] pcpu-alloc: [0] 056 057 058 059 060 061 062 063 
[    0.033082] pcpu-alloc: [0] 128 129 130 131 132 133 134 135 
[    0.033087] pcpu-alloc: [0] 136 137 138 139 140 141 142 143 
[    0.033091] pcpu-alloc: [0] 144 145 146 147 148 149 150 151 
[    0.033095] pcpu-alloc: [0] 152 153 154 155 156 157 158 159 
[    0.033099] pcpu-alloc: [0] 160 161 162 163 164 165 166 167 
[    0.033104] pcpu-alloc: [0] 168 169 170 171 172 173 174 175 
[    0.033108] pcpu-alloc: [0] 176 177 178 179 180 181 182 183 
[    0.033112] pcpu-alloc: [0] 184 185 186 187 188 189 190 191 
[    0.033117] pcpu-alloc: [1] 064 065 066 067 068 069 070 071 
[    0.033121] pcpu-alloc: [1] 072 073 074 075 076 077 078 079 
[    0.033125] pcpu-alloc: [1] 080 081 082 083 084 085 086 087 
[    0.033129] pcpu-alloc: [1] 088 089 090 091 092 093 094 095 
[    0.033134] pcpu-alloc: [1] 096 097 098 099 100 101 102 103 
[    0.033138] pcpu-alloc: [1] 104 105 106 107 108 109 110 111 
[    0.033142] pcpu-alloc: [1] 112 113 114 115 116 117 118 119 
[    0.033147] pcpu-alloc: [1] 120 121 122 123 124 125 126 127 
[    0.033151] pcpu-alloc: [1] 192 193 194 195 196 197 198 199 
[    0.033155] pcpu-alloc: [1] 200 201 202 203 204 205 206 207 
[    0.033159] pcpu-alloc: [1] 208 209 210 211 212 213 214 215 
[    0.033164] pcpu-alloc: [1] 216 217 218 219 220 221 222 223 
[    0.033168] pcpu-alloc: [1] 224 225 226 227 228 229 230 231 
[    0.033172] pcpu-alloc: [1] 232 233 234 235 236 237 238 239 
[    0.033177] pcpu-alloc: [1] 240 241 242 243 244 245 246 247 
[    0.033181] pcpu-alloc: [1] 248 249 250 251 252 253 254 --- 
[    0.033306] Built 2 zonelists, mobility grouping on.  Total pages: 66024537
[    0.033307] Policy zone: Normal
[    0.033309] Kernel command line: console=tty0 console=ttyS0,115200n8 root=PARTUUID=a0000000-0000-0000-0000-00000000000a rootfstype=ext4 rw inframac=10:70:fd:57:0e:14 infravid=1877
[    0.033428] printk: log_buf_len individual max cpu contribution: 4096 bytes
[    0.033429] printk: log_buf_len total cpu_extra contributions: 1040384 bytes
[    0.033430] printk: log_buf_len min size: 131072 bytes
[    0.034975] printk: log_buf_len: 2097152 bytes
[    0.034976] printk: early log buf free: 93144(71%)
[    0.038376] mem auto-init: stack:off, heap alloc:on, heap free:off
[    0.100883] Memory: 2365616K/268290288K available (12295K kernel code, 2537K rwdata, 7560K rodata, 2660K init, 5468K bss, 4399748K reserved, 0K cma-reserved)
[    0.102567] SLUB: HWalign=64, Order=0-3, MinObjects=0, CPUs=255, Nodes=2
[    0.102628] ftrace: allocating 36545 entries in 143 pages
[    0.117354] ftrace: allocated 143 pages with 5 groups
[    0.119140] rcu: Hierarchical RCU implementation.
[    0.119141] rcu: 	RCU restricting CPUs from NR_CPUS=8192 to nr_cpu_ids=255.
[    0.119143] 	Rude variant of Tasks RCU enabled.
[    0.119143] 	Tracing variant of Tasks RCU enabled.
[    0.119144] rcu: RCU calculated value of scheduler-enlistment delay is 25 jiffies.
[    0.119145] rcu: Adjusting geometry for rcu_fanout_leaf=16, nr_cpu_ids=255
[    0.123234] NR_IRQS: 524544, nr_irqs: 6816, preallocated irqs: 16
[    0.123923] random: crng init done
[    0.124192] Spurious LAPIC timer interrupt on cpu 0
[    0.124199] Console: colour dummy device 80x25
[    0.124948] printk: console [tty0] enabled
[    3.495366] printk: console [ttyS0] enabled
[    3.499761] mempolicy: Enabling automatic NUMA balancing. Configure with numa_balancing= or the kernel.numa_balancing sysctl
[    3.510966] ACPI: Core revision 20200925
[    3.516029] clocksource: hpet: mask: 0xffffffff max_cycles: 0xffffffff, max_idle_ns: 133484873504 ns
[    3.525167] APIC: Switch to symmetric I/O mode setup
[    3.532331] x2apic enabled
[    3.535065] Switched APIC routing to cluster x2apic.
[    3.542423] ..TIMER: vector=0x30 apic1=0 pin1=2 apic2=-1 pin2=-1
[    3.565181] clocksource: tsc-early: mask: 0xffffffffffffffff max_cycles: 0x39a70b01294, max_idle_ns: 881590697837 ns
[    3.575696] Calibrating delay loop (skipped), value calculated using timer frequency.. 3999.64 BogoMIPS (lpj=7999284)
[    3.579696] pid_max: default: 261120 minimum: 2040
[    3.584127] LSM: Security Framework initializing
[    3.587734] Yama: disabled by default; enable with sysctl kernel.yama.*
[    3.591749] AppArmor: AppArmor initialized
[    3.595696] TOMOYO Linux initialized
[    3.615492] Dentry cache hash table entries: 16777216 (order: 15, 134217728 bytes, vmalloc)
[    3.622570] Inode-cache hash table entries: 8388608 (order: 14, 67108864 bytes, vmalloc)
[    3.623995] Mount-cache hash table entries: 262144 (order: 9, 2097152 bytes, vmalloc)
[    3.627910] Mountpoint-cache hash table entries: 262144 (order: 9, 2097152 bytes, vmalloc)
[    3.636278] x86/cpu: User Mode Instruction Prevention (UMIP) activated
[    3.639820] LVT offset 2 assigned for vector 0xf4
[    3.643726] Last level iTLB entries: 4KB 1024, 2MB 1024, 4MB 512
[    3.647695] Last level dTLB entries: 4KB 2048, 2MB 2048, 4MB 1024, 1GB 0
[    3.651699] Spectre V1 : Mitigation: usercopy/swapgs barriers and __user pointer sanitization
[    3.655696] Spectre V2 : Mitigation: Retpolines
[    3.659695] Spectre V2 : Spectre v2 / SpectreRSB mitigation: Filling RSB on context switch
[    3.663695] Spectre V2 : Spectre v2 / SpectreRSB : Filling RSB on VMEXIT
[    3.667695] Spectre V2 : Enabling Speculation Barrier for firmware calls
[    3.671695] RETBleed: Mitigation: untrained return thunk
[    3.675696] Spectre V2 : mitigation: Enabling conditional Indirect Branch Prediction Barrier
[    3.679695] Spectre V2 : Selecting STIBP always-on mode to complement retbleed mitigation
[    3.683695] Spectre V2 : User space: Mitigation: STIBP always-on protection
[    3.687696] Speculative Store Bypass: Mitigation: Speculative Store Bypass disabled via prctl and seccomp
[    3.697911] Freeing SMP alternatives memory: 32K
[    3.811959] smpboot: CPU0: AMD EPYC 7702 64-Core Processor (family: 0x17, model: 0x31, stepping: 0x0)
[    3.815964] Performance Events: Fam17h+ core perfctr, AMD PMU driver.
[    3.819696] ... version:                0
[    3.823695] ... bit width:              48
[    3.827695] ... generic registers:      6
[    3.831695] ... value mask:             0000ffffffffffff
[    3.835695] ... max period:             00007fffffffffff
[    3.839695] ... fixed-purpose events:   0
[    3.843695] ... event mask:             000000000000003f
[    3.851970] rcu: Hierarchical SRCU implementation.
[    3.856033] NMI watchdog: Enabled. Permanently consumes one hw-PMU counter.
[    3.861479] smp: Bringing up secondary CPUs ...
[    3.863817] x86: Booting SMP configuration:
[    3.867697] .... node  #0, CPUs:          #1
[    3.415789] Spurious APIC interrupt (vector 0xFF) on CPU#1, should never happen.
[    3.883831]    #2   #3   #4
[    3.415789] Spurious APIC interrupt (vector 0xFF) on CPU#4, should never happen.
[    3.899851]    #5   #6   #7   #8
[    3.415789] Spurious APIC interrupt (vector 0xFF) on CPU#8, should never happen.
[    3.919848]    #9
[    3.415789] Spurious APIC interrupt (vector 0xFF) on CPU#9, should never happen.
[    3.931824]   #10  #11  #12  #13  #14  #15  #16
[    3.415789] Spurious APIC interrupt (vector 0xFF) on CPU#16, should never happen.
[    3.959853]   #17
[    3.415789] Spurious APIC interrupt (vector 0xFF) on CPU#17, should never happen.
[    3.971827]   #18  #19  #20  #21  #22  #23  #24
[    3.415789] Spurious APIC interrupt (vector 0xFF) on CPU#24, should never happen.
[    4.003858]   #25
[    3.415789] Spurious APIC interrupt (vector 0xFF) on CPU#25, should never happen.
[    4.015845]   #26
[    3.415789] Spurious APIC interrupt (vector 0xFF) on CPU#26, should never happen.
[    4.027829]   #27  #28  #29  #30  #31  #32
[    3.415789] Spurious APIC interrupt (vector 0xFF) on CPU#32, should never happen.
[    4.051860]   #33
[    3.415789] Spurious APIC interrupt (vector 0xFF) on CPU#33, should never happen.
[    4.063832]   #34  #35  #36
[    3.415789] Spurious APIC interrupt (vector 0xFF) on CPU#36, should never happen.
[    4.079858]   #37  #38  #39  #40
[    3.415789] Spurious APIC interrupt (vector 0xFF) on CPU#40, should never happen.
[    4.103726]   #41
[    3.415789] Spurious APIC interrupt (vector 0xFF) on CPU#41, should never happen.
[    4.111860]   #42  #43  #44  #45  #46  #47  #48
[    3.415789] Spurious APIC interrupt (vector 0xFF) on CPU#48, should never happen.
[    4.143863]   #49
[    3.415789] Spurious APIC interrupt (vector 0xFF) on CPU#49, should never happen.
[    4.155855]   #50  #51  #52  #53  #54  #55  #56
[    3.415789] Spurious APIC interrupt (vector 0xFF) on CPU#56, should never happen.
[    4.183862]   #57
[    3.415789] Spurious APIC interrupt (vector 0xFF) on CPU#57, should never happen.
[    4.195841]   #58
[    3.415789] Spurious APIC interrupt (vector 0xFF) on CPU#58, should never happen.
[    4.207842]   #59  #60  #61  #62  #63
[    4.223696] .... node  #1, CPUs:    #64
[    3.415789] Spurious APIC interrupt (vector 0xFF) on CPU#64, should never happen.
[    4.267920]   #65
[    3.415789] Spurious APIC interrupt (vector 0xFF) on CPU#65, should never happen.
[    4.279872]   #66
[    3.415789] Spurious APIC interrupt (vector 0xFF) on CPU#66, should never happen.
[    4.291867]   #67
[    3.415789] Spurious APIC interrupt (vector 0xFF) on CPU#67, should never happen.
[    4.303889]   #68
[    3.415789] Spurious APIC interrupt (vector 0xFF) on CPU#68, should never happen.
[    4.319726]   #69
[    3.415789] Spurious APIC interrupt (vector 0xFF) on CPU#69, should never happen.
[    4.331786]   #70
[    3.415789] Spurious APIC interrupt (vector 0xFF) on CPU#70, should never happen.
[    4.343836]   #71
[    3.415789] Spurious APIC interrupt (vector 0xFF) on CPU#71, should never happen.
[    4.355885]   #72
[    3.415789] Spurious APIC interrupt (vector 0xFF) on CPU#72, should never happen.
[    4.367879]   #73
[    3.415789] Spurious APIC interrupt (vector 0xFF) on CPU#73, should never happen.
[    4.379876]   #74
[    3.415789] Spurious APIC interrupt (vector 0xFF) on CPU#74, should never happen.
[    4.391884]   #75
[    3.415789] Spurious APIC interrupt (vector 0xFF) on CPU#75, should never happen.
[    4.403820]   #76
[    3.415789] Spurious APIC interrupt (vector 0xFF) on CPU#76, should never happen.
[    4.415875]   #77
[    3.415789] Spurious APIC interrupt (vector 0xFF) on CPU#77, should never happen.
[    4.427879]   #78
[    3.415789] Spurious APIC interrupt (vector 0xFF) on CPU#78, should never happen.
[    4.439878]   #79
[    3.415789] Spurious APIC interrupt (vector 0xFF) on CPU#79, should never happen.
[    4.451820]   #80
[    3.415789] Spurious APIC interrupt (vector 0xFF) on CPU#80, should never happen.
[    4.463833]   #81
[    3.415789] Spurious APIC interrupt (vector 0xFF) on CPU#81, should never happen.
[    4.475879]   #82
[    3.415789] Spurious APIC interrupt (vector 0xFF) on CPU#82, should never happen.
[    4.487878]   #83
[    3.415789] Spurious APIC interrupt (vector 0xFF) on CPU#83, should never happen.
[    4.499877]   #84
[    3.415789] Spurious APIC interrupt (vector 0xFF) on CPU#84, should never happen.
[    4.511877]   #85
[    3.415789] Spurious APIC interrupt (vector 0xFF) on CPU#85, should never happen.
[    4.523880]   #86
[    3.415789] Spurious APIC interrupt (vector 0xFF) on CPU#86, should never happen.
[    4.535891]   #87
[    3.415789] Spurious APIC interrupt (vector 0xFF) on CPU#87, should never happen.
[    4.547823]   #88
[    3.415789] Spurious APIC interrupt (vector 0xFF) on CPU#88, should never happen.
[    4.559823]   #89
[    3.415789] Spurious APIC interrupt (vector 0xFF) on CPU#89, should never happen.
[    4.571882]   #90
[    3.415789] Spurious APIC interrupt (vector 0xFF) on CPU#90, should never happen.
[    4.583822]   #91
[    3.415789] Spurious APIC interrupt (vector 0xFF) on CPU#91, should never happen.
[    4.595879]   #92
[    3.415789] Spurious APIC interrupt (vector 0xFF) on CPU#92, should never happen.
[    4.607947]   #93
[    3.415789] Spurious APIC interrupt (vector 0xFF) on CPU#93, should never happen.
[    4.619897]   #94
[    3.415789] Spurious APIC interrupt (vector 0xFF) on CPU#94, should never happen.
[    4.631907]   #95
[    3.415789] Spurious APIC interrupt (vector 0xFF) on CPU#95, should never happen.
[    4.643894]   #96
[    3.415789] Spurious APIC interrupt (vector 0xFF) on CPU#96, should never happen.
[    4.655948]   #97
[    3.415789] Spurious APIC interrupt (vector 0xFF) on CPU#97, should never happen.
[    4.667900]   #98
[    3.415789] Spurious APIC interrupt (vector 0xFF) on CPU#98, should never happen.
[    4.679909]   #99
[    3.415789] Spurious APIC interrupt (vector 0xFF) on CPU#99, should never happen.
[    4.691903]  #100
[    3.415789] Spurious APIC interrupt (vector 0xFF) on CPU#100, should never happen.
[    4.703949]  #101
[    3.415789] Spurious APIC interrupt (vector 0xFF) on CPU#101, should never happen.
[    4.715900]  #102
[    3.415789] Spurious APIC interrupt (vector 0xFF) on CPU#102, should never happen.
[    4.727908]  #103
[    3.415789] Spurious APIC interrupt (vector 0xFF) on CPU#103, should never happen.
[    4.739906]  #104
[    3.415789] Spurious APIC interrupt (vector 0xFF) on CPU#104, should never happen.
[    4.751947]  #105
[    3.415789] Spurious APIC interrupt (vector 0xFF) on CPU#105, should never happen.
[    4.763905]  #106
[    3.415789] Spurious APIC interrupt (vector 0xFF) on CPU#106, should never happen.
[    4.775918]  #107
[    3.415789] Spurious APIC interrupt (vector 0xFF) on CPU#107, should never happen.
[    4.787908]  #108
[    3.415789] Spurious APIC interrupt (vector 0xFF) on CPU#108, should never happen.
[    4.799953]  #109
[    3.415789] Spurious APIC interrupt (vector 0xFF) on CPU#109, should never happen.
[    4.811905]  #110
[    3.415789] Spurious APIC interrupt (vector 0xFF) on CPU#110, should never happen.
[    4.823916]  #111
[    3.415789] Spurious APIC interrupt (vector 0xFF) on CPU#111, should never happen.
[    4.835916]  #112
[    3.415789] Spurious APIC interrupt (vector 0xFF) on CPU#112, should never happen.
[    4.847963]  #113
[    3.415789] Spurious APIC interrupt (vector 0xFF) on CPU#113, should never happen.
[    4.859912]  #114
[    3.415789] Spurious APIC interrupt (vector 0xFF) on CPU#114, should never happen.
[    4.871922]  #115
[    3.415789] Spurious APIC interrupt (vector 0xFF) on CPU#115, should never happen.
[    4.883922]  #116
[    3.415789] Spurious APIC interrupt (vector 0xFF) on CPU#116, should never happen.
[    4.895970]  #117
[    3.415789] Spurious APIC interrupt (vector 0xFF) on CPU#117, should never happen.
[    4.907920]  #118
[    3.415789] Spurious APIC interrupt (vector 0xFF) on CPU#118, should never happen.
[    4.919926]  #119
[    3.415789] Spurious APIC interrupt (vector 0xFF) on CPU#119, should never happen.
[    4.931912]  #120
[    3.415789] Spurious APIC interrupt (vector 0xFF) on CPU#120, should never happen.
[    4.943970]  #121
[    3.415789] Spurious APIC interrupt (vector 0xFF) on CPU#121, should never happen.
[    4.955923]  #122
[    3.415789] Spurious APIC interrupt (vector 0xFF) on CPU#122, should never happen.
[    4.967925]  #123
[    3.415789] Spurious APIC interrupt (vector 0xFF) on CPU#123, should never happen.
[    4.979935]  #124
[    3.415789] Spurious APIC interrupt (vector 0xFF) on CPU#124, should never happen.
[    4.991971]  #125
[    3.415789] Spurious APIC interrupt (vector 0xFF) on CPU#125, should never happen.
[    5.003923]  #126
[    3.415789] Spurious APIC interrupt (vector 0xFF) on CPU#126, should never happen.
[    5.015936]  #127
[    3.415789] Spurious APIC interrupt (vector 0xFF) on CPU#127, should never happen.

[    5.031696] .... node  #0, CPUs:   #128
[    3.415789] Spurious APIC interrupt (vector 0xFF) on CPU#128, should never happen.
[    5.044077] Spectre V2 : Update user space SMT mitigation: STIBP always-on
[    5.047914]  #129
[    3.415789] Spurious APIC interrupt (vector 0xFF) on CPU#129, should never happen.
[    5.059922]  #130
[    3.415789] Spurious APIC interrupt (vector 0xFF) on CPU#130, should never happen.
[    5.071906]  #131
[    3.415789] Spurious APIC interrupt (vector 0xFF) on CPU#131, should never happen.
[    5.083910]  #132
[    3.415789] Spurious APIC interrupt (vector 0xFF) on CPU#132, should never happen.
[    5.095935]  #133
[    3.415789] Spurious APIC interrupt (vector 0xFF) on CPU#133, should never happen.
[    5.107916]  #134
[    3.415789] Spurious APIC interrupt (vector 0xFF) on CPU#134, should never happen.
[    5.119917]  #135
[    3.415789] Spurious APIC interrupt (vector 0xFF) on CPU#135, should never happen.
[    5.131928]  #136
[    3.415789] Spurious APIC interrupt (vector 0xFF) on CPU#136, should never happen.
[    5.143925]  #137
[    3.415789] Spurious APIC interrupt (vector 0xFF) on CPU#137, should never happen.
[    5.155904]  #138
[    3.415789] Spurious APIC interrupt (vector 0xFF) on CPU#138, should never happen.
[    5.167917]  #139
[    3.415789] Spurious APIC interrupt (vector 0xFF) on CPU#139, should never happen.
[    5.179919]  #140
[    3.415789] Spurious APIC interrupt (vector 0xFF) on CPU#140, should never happen.
[    5.191930]  #141
[    3.415789] Spurious APIC interrupt (vector 0xFF) on CPU#141, should never happen.
[    5.203915]  #142
[    3.415789] Spurious APIC interrupt (vector 0xFF) on CPU#142, should never happen.
[    5.215918]  #143
[    3.415789] Spurious APIC interrupt (vector 0xFF) on CPU#143, should never happen.
[    5.227909]  #144
[    3.415789] Spurious APIC interrupt (vector 0xFF) on CPU#144, should never happen.
[    5.239935]  #145
[    3.415789] Spurious APIC interrupt (vector 0xFF) on CPU#145, should never happen.
[    5.251919]  #146
[    3.415789] Spurious APIC interrupt (vector 0xFF) on CPU#146, should never happen.
[    5.263922]  #147
[    3.415789] Spurious APIC interrupt (vector 0xFF) on CPU#147, should never happen.
[    5.275909]  #148
[    3.415789] Spurious APIC interrupt (vector 0xFF) on CPU#148, should never happen.
[    5.291709]  #149
[    3.415789] Spurious APIC interrupt (vector 0xFF) on CPU#149, should never happen.
[    5.303811]  #150
[    3.415789] Spurious APIC interrupt (vector 0xFF) on CPU#150, should never happen.
[    5.315921]  #151
[    3.415789] Spurious APIC interrupt (vector 0xFF) on CPU#151, should never happen.
[    5.327916]  #152
[    3.415789] Spurious APIC interrupt (vector 0xFF) on CPU#152, should never happen.
[    5.339945]  #153
[    3.415789] Spurious APIC interrupt (vector 0xFF) on CPU#153, should never happen.
[    5.351916]  #154
[    3.415789] Spurious APIC interrupt (vector 0xFF) on CPU#154, should never happen.
[    5.365860]  #155
[    3.415789] Spurious APIC interrupt (vector 0xFF) on CPU#155, should never happen.
[    5.375917]  #156
[    3.415789] Spurious APIC interrupt (vector 0xFF) on CPU#156, should never happen.
[    5.387933]  #157
[    3.415789] Spurious APIC interrupt (vector 0xFF) on CPU#157, should never happen.
[    5.399927]  #158
[    3.415789] Spurious APIC interrupt (vector 0xFF) on CPU#158, should never happen.
[    5.411923]  #159
[    3.415789] Spurious APIC interrupt (vector 0xFF) on CPU#159, should never happen.
[    5.423927]  #160
[    3.415789] Spurious APIC interrupt (vector 0xFF) on CPU#160, should never happen.
[    5.435940]  #161
[    3.415789] Spurious APIC interrupt (vector 0xFF) on CPU#161, should never happen.
[    5.447926]  #162
[    3.415789] Spurious APIC interrupt (vector 0xFF) on CPU#162, should never happen.
[    5.459934]  #163
[    3.415789] Spurious APIC interrupt (vector 0xFF) on CPU#163, should never happen.
[    5.471925]  #164
[    3.415789] Spurious APIC interrupt (vector 0xFF) on CPU#164, should never happen.
[    5.483938]  #165
[    3.415789] Spurious APIC interrupt (vector 0xFF) on CPU#165, should never happen.
[    5.495924]  #166
[    3.415789] Spurious APIC interrupt (vector 0xFF) on CPU#166, should never happen.
[    5.507931]  #167
[    3.415789] Spurious APIC interrupt (vector 0xFF) on CPU#167, should never happen.
[    5.519925]  #168
[    3.415789] Spurious APIC interrupt (vector 0xFF) on CPU#168, should never happen.
[    5.531935]  #169
[    3.415789] Spurious APIC interrupt (vector 0xFF) on CPU#169, should never happen.
[    5.543925]  #170
[    3.415789] Spurious APIC interrupt (vector 0xFF) on CPU#170, should never happen.
[    5.555938]  #171
[    3.415789] Spurious APIC interrupt (vector 0xFF) on CPU#171, should never happen.
[    5.567931]  #172
[    3.415789] Spurious APIC interrupt (vector 0xFF) on CPU#172, should never happen.
[    5.579933]  #173
[    3.415789] Spurious APIC interrupt (vector 0xFF) on CPU#173, should never happen.
[    5.591923]  #174
[    3.415789] Spurious APIC interrupt (vector 0xFF) on CPU#174, should never happen.
[    5.603931]  #175
[    3.415789] Spurious APIC interrupt (vector 0xFF) on CPU#175, should never happen.
[    5.615927]  #176
[    3.415789] Spurious APIC interrupt (vector 0xFF) on CPU#176, should never happen.
[    5.631717]  #177
[    3.415789] Spurious APIC interrupt (vector 0xFF) on CPU#177, should never happen.
[    5.643801]  #178
[    3.415789] Spurious APIC interrupt (vector 0xFF) on CPU#178, should never happen.
[    5.655811]  #179
[    3.415789] Spurious APIC interrupt (vector 0xFF) on CPU#179, should never happen.
[    5.667811]  #180
[    3.415789] Spurious APIC interrupt (vector 0xFF) on CPU#180, should never happen.
[    5.679826]  #181
[    3.415789] Spurious APIC interrupt (vector 0xFF) on CPU#181, should never happen.
[    5.691930]  #182
[    3.415789] Spurious APIC interrupt (vector 0xFF) on CPU#182, should never happen.
[    5.703935]  #183
[    3.415789] Spurious APIC interrupt (vector 0xFF) on CPU#183, should never happen.
[    5.715935]  #184
[    5.711747] Spurious APIC interrupt (vector 0xFF) on CPU#184, should never happen.
[    5.727937]  #185
[    5.711747] Spurious APIC interrupt (vector 0xFF) on CPU#185, should never happen.
[    5.739928]  #186
[    5.711747] Spurious APIC interrupt (vector 0xFF) on CPU#186, should never happen.
[    5.751942]  #187
[    5.711747] Spurious APIC interrupt (vector 0xFF) on CPU#187, should never happen.
[    5.763936]  #188
[    5.711747] Spurious APIC interrupt (vector 0xFF) on CPU#188, should never happen.
[    5.775944]  #189
[    5.711748] Spurious APIC interrupt (vector 0xFF) on CPU#189, should never happen.
[    5.787937]  #190
[    5.711748] Spurious APIC interrupt (vector 0xFF) on CPU#190, should never happen.
[    5.799939]  #191
[    5.711748] Spurious APIC interrupt (vector 0xFF) on CPU#191, should never happen.

[    5.813333] .... node  #1, CPUs:   #192
[    5.711748] Spurious APIC interrupt (vector 0xFF) on CPU#192, should never happen.
[    5.827990]  #193
[    5.711748] Spurious APIC interrupt (vector 0xFF) on CPU#193, should never happen.
[    5.839957]  #194
[    5.711748] Spurious APIC interrupt (vector 0xFF) on CPU#194, should never happen.
[    5.851967]  #195
[    5.711749] Spurious APIC interrupt (vector 0xFF) on CPU#195, should never happen.
[    5.863958]  #196
[    5.711749] Spurious APIC interrupt (vector 0xFF) on CPU#196, should never happen.
[    5.875980]  #197
[    5.711749] Spurious APIC interrupt (vector 0xFF) on CPU#197, should never happen.
[    5.887960]  #198
[    5.711749] Spurious APIC interrupt (vector 0xFF) on CPU#198, should never happen.
[    5.899962]  #199
[    5.711750] Spurious APIC interrupt (vector 0xFF) on CPU#199, should never happen.
[    5.911956]  #200
[    5.711750] Spurious APIC interrupt (vector 0xFF) on CPU#200, should never happen.
[    5.923972]  #201
[    5.711750] Spurious APIC interrupt (vector 0xFF) on CPU#201, should never happen.
[    5.935964]  #202
[    5.711751] Spurious APIC interrupt (vector 0xFF) on CPU#202, should never happen.
[    5.947964]  #203
[    5.711751] Spurious APIC interrupt (vector 0xFF) on CPU#203, should never happen.
[    5.959963]  #204
[    5.711751] Spurious APIC interrupt (vector 0xFF) on CPU#204, should never happen.
[    5.971973]  #205
[    5.711751] Spurious APIC interrupt (vector 0xFF) on CPU#205, should never happen.
[    5.983973]  #206
[    5.711752] Spurious APIC interrupt (vector 0xFF) on CPU#206, should never happen.
[    5.995976]  #207
[    5.711752] Spurious APIC interrupt (vector 0xFF) on CPU#207, should never happen.
[    6.007968]  #208
[    5.711752] Spurious APIC interrupt (vector 0xFF) on CPU#208, should never happen.
[    6.019979]  #209
[    5.711752] Spurious APIC interrupt (vector 0xFF) on CPU#209, should never happen.
[    6.031960]  #210
[    5.711753] Spurious APIC interrupt (vector 0xFF) on CPU#210, should never happen.
[    6.043967]  #211
[    5.711753] Spurious APIC interrupt (vector 0xFF) on CPU#211, should never happen.
[    6.059713]  #212
[    5.711753] Spurious APIC interrupt (vector 0xFF) on CPU#212, should never happen.
[    6.071836]  #213
[    6.063757] Spurious APIC interrupt (vector 0xFF) on CPU#213, should never happen.
[    6.083957]  #214
[    6.063757] Spurious APIC interrupt (vector 0xFF) on CPU#214, should never happen.
[    6.095970]  #215
[    6.063758] Spurious APIC interrupt (vector 0xFF) on CPU#215, should never happen.
[    6.107964]  #216
[    6.063758] Spurious APIC interrupt (vector 0xFF) on CPU#216, should never happen.
[    6.119978]  #217
[    6.063758] Spurious APIC interrupt (vector 0xFF) on CPU#217, should never happen.
[    6.131964]  #218
[    6.063759] Spurious APIC interrupt (vector 0xFF) on CPU#218, should never happen.
[    6.143970]  #219
[    6.063759] Spurious APIC interrupt (vector 0xFF) on CPU#219, should never happen.
[    6.155963]  #220
[    6.063759] Spurious APIC interrupt (vector 0xFF) on CPU#220, should never happen.
[    6.167970]  #221
[    6.063759] Spurious APIC interrupt (vector 0xFF) on CPU#221, should never happen.
[    6.179964]  #222
[    6.063759] Spurious APIC interrupt (vector 0xFF) on CPU#222, should never happen.
[    6.191971]  #223
[    6.063760] Spurious APIC interrupt (vector 0xFF) on CPU#223, should never happen.
[    6.203976]  #224
[    6.063760] Spurious APIC interrupt (vector 0xFF) on CPU#224, should never happen.
[    6.215970]  #225
[    6.063760] Spurious APIC interrupt (vector 0xFF) on CPU#225, should never happen.
[    6.227953]  #226
[    6.063760] Spurious APIC interrupt (vector 0xFF) on CPU#226, should never happen.
[    6.239960]  #227
[    6.063761] Spurious APIC interrupt (vector 0xFF) on CPU#227, should never happen.
[    6.251961]  #228
[    6.063761] Spurious APIC interrupt (vector 0xFF) on CPU#228, should never happen.
[    6.263970]  #229
[    6.063761] Spurious APIC interrupt (vector 0xFF) on CPU#229, should never happen.
[    6.275961]  #230
[    6.063761] Spurious APIC interrupt (vector 0xFF) on CPU#230, should never happen.
[    6.288266]  #231
[    6.063762] Spurious APIC interrupt (vector 0xFF) on CPU#231, should never happen.
[    6.303735]  #232
[    6.063762] Spurious APIC interrupt (vector 0xFF) on CPU#232, should never happen.
[    6.315827]  #233
[    6.063762] Spurious APIC interrupt (vector 0xFF) on CPU#233, should never happen.
[    6.327840]  #234
[    6.063762] Spurious APIC interrupt (vector 0xFF) on CPU#234, should never happen.
[    6.339964]  #235
[    6.063763] Spurious APIC interrupt (vector 0xFF) on CPU#235, should never happen.
[    6.351963]  #236
[    6.063763] Spurious APIC interrupt (vector 0xFF) on CPU#236, should never happen.
[    6.363970]  #237
[    6.063763] Spurious APIC interrupt (vector 0xFF) on CPU#237, should never happen.
[    6.375959]  #238
[    6.063763] Spurious APIC interrupt (vector 0xFF) on CPU#238, should never happen.
[    6.389098]  #239
[    6.063764] Spurious APIC interrupt (vector 0xFF) on CPU#239, should never happen.
[    6.399972]  #240
[    6.063764] Spurious APIC interrupt (vector 0xFF) on CPU#240, should never happen.
[    6.411981]  #241
[    6.063764] Spurious APIC interrupt (vector 0xFF) on CPU#241, should never happen.
[    6.423979]  #242
[    6.063765] Spurious APIC interrupt (vector 0xFF) on CPU#242, should never happen.
[    6.435990]  #243
[    6.063765] Spurious APIC interrupt (vector 0xFF) on CPU#243, should never happen.
[    6.447985]  #244
[    6.063765] Spurious APIC interrupt (vector 0xFF) on CPU#244, should never happen.
[    6.459982]  #245
[    6.063765] Spurious APIC interrupt (vector 0xFF) on CPU#245, should never happen.
[    6.471968]  #246
[    6.063766] Spurious APIC interrupt (vector 0xFF) on CPU#246, should never happen.
[    6.487838]  #247
[    6.063766] Spurious APIC interrupt (vector 0xFF) on CPU#247, should never happen.
[    6.499827]  #248
[    6.063766] Spurious APIC interrupt (vector 0xFF) on CPU#248, should never happen.
[    6.511978]  #249
[    6.063766] Spurious APIC interrupt (vector 0xFF) on CPU#249, should never happen.
[    6.523965]  #250
[    6.063767] Spurious APIC interrupt (vector 0xFF) on CPU#250, should never happen.
[    6.535982]  #251
[    6.063767] Spurious APIC interrupt (vector 0xFF) on CPU#251, should never happen.
[    6.547977]  #252
[    6.063767] Spurious APIC interrupt (vector 0xFF) on CPU#252, should never happen.
[    6.559988]  #253
[    6.063767] Spurious APIC interrupt (vector 0xFF) on CPU#253, should never happen.
[    6.571972]  #254
[    6.063768] Spurious APIC interrupt (vector 0xFF) on CPU#254, should never happen.
[    6.584605] smp: Brought up 2 nodes, 255 CPUs
[    6.587697] smpboot: Max logical packages: 2
[    6.591713] smpboot: Total of 255 processors activated (1018100.99 BogoMIPS)
[    6.706724] node 0 deferred pages initialised in 44ms
[    6.756846] node 1 deferred pages initialised in 96ms
[    6.771102] devtmpfs: initialized
[    6.771748] x86/mm: Memory block size: 2048MB
[    6.780012] PM: Registering ACPI NVS region [mem 0x30000000-0x30042fff] (274432 bytes)
[    6.783709] PM: Registering ACPI NVS region [mem 0x87cde000-0x8815efff] (4722688 bytes)
[    6.787985] clocksource: jiffies: mask: 0xffffffff max_cycles: 0xffffffff, max_idle_ns: 7645041785100000 ns
[    6.792249] futex hash table entries: 65536 (order: 10, 4194304 bytes, vmalloc)
[    6.796437] pinctrl core: initialized pinctrl subsystem
[    6.800512] NET: Registered protocol family 16
[    6.804315] DMA: preallocated 4096 KiB GFP_KERNEL pool for atomic allocations
[    6.807954] DMA: preallocated 4096 KiB GFP_KERNEL|GFP_DMA pool for atomic allocations
[    6.811950] DMA: preallocated 4096 KiB GFP_KERNEL|GFP_DMA32 pool for atomic allocations
[    6.815706] audit: initializing netlink subsys (disabled)
[    6.819766] audit: type=2000 audit(1708106402.284:1): state=initialized audit_enabled=0 res=1
[    6.819889] thermal_sys: Registered thermal governor 'fair_share'
[    6.823699] thermal_sys: Registered thermal governor 'bang_bang'
[    6.827696] thermal_sys: Registered thermal governor 'step_wise'
[    6.831696] thermal_sys: Registered thermal governor 'user_space'
[    6.835696] thermal_sys: Registered thermal governor 'power_allocator'
[    6.839776] cpuidle: using governor ladder
[    6.851853] cpuidle: using governor menu
[    6.855718] Detected 1 PCC Subspaces
[    6.859323] Registering PCC driver as Mailbox controller
[    6.871758] ACPI: bus type PCI registered
[    6.875697] acpiphp: ACPI Hot Plug PCI Controller Driver version: 0.5
[    6.880013] PCI: MMCONFIG for domain 0000 [bus 00-ff] at [mem 0xe0000000-0xefffffff] (base 0xe0000000)
[    6.891698] PCI: not using MMCONFIG
[    6.895702] PCI: Using configuration type 1 for base access
[    6.899696] PCI: Using configuration type 1 for extended access
[    6.916043] Kprobes globally optimized
[    6.919901] HugeTLB registered 1.00 GiB page size, pre-allocated 0 pages
[    6.927707] HugeTLB registered 2.00 MiB page size, pre-allocated 0 pages
[    7.072051] ACPI: Added _OSI(Module Device)
[    7.079702] ACPI: Added _OSI(Processor Device)
[    7.083696] ACPI: Added _OSI(3.0 _SCP Extensions)
[    7.087696] ACPI: Added _OSI(Processor Aggregator Device)
[    7.091696] ACPI: Added _OSI(Linux-Dell-Video)
[    7.095696] ACPI: Added _OSI(Linux-Lenovo-NV-HDMI-Audio)
[    7.103696] ACPI: Added _OSI(Linux-HPI-Hybrid-Graphics)
[    7.134322] ACPI: 6 ACPI AML tables successfully acquired and loaded
[    7.149884] ACPI: Interpreter enabled
[    7.155706] ACPI: (supports S0 S5)
[    7.155706] ACPI: Using IOAPIC for interrupt routing
[    7.163940] PCI: MMCONFIG for domain 0000 [bus 00-ff] at [mem 0xe0000000-0xefffffff] (base 0xe0000000)
[    7.171730] PCI: MMCONFIG at [mem 0xe0000000-0xefffffff] reserved in ACPI motherboard resources
[    7.779046] HEST: Table parsing has been initialized.
[    7.783699] PCI: Using host bridge windows from ACPI; if necessary, use "pci=nocrs" and report a bug
[    7.797765] ACPI: Enabled 3 GPEs in block 00 to 1F
[    7.804780] ACPI: Power Resource [P0SA] (off)
[    7.807712] ACPI: Power Resource [P3SA] (off)
[    7.811966] ACPI: Power Resource [P0SA] (off)
[    7.815712] ACPI: Power Resource [P3SA] (off)
[    7.824065] ACPI: Power Resource [P0SA] (off)
[    7.827712] ACPI: Power Resource [P3SA] (off)
[    7.831970] ACPI: Power Resource [P0SA] (off)
[    7.839711] ACPI: Power Resource [P3SA] (off)
[    7.844581] ACPI: Power Resource [P0SA] (off)
[    7.847714] ACPI: Power Resource [P3SA] (off)
[    7.851965] ACPI: Power Resource [P0SA] (off)
[    7.855716] ACPI: Power Resource [P3SA] (off)
[    7.860595] ACPI: Power Resource [P0SA] (off)
[    7.867712] ACPI: Power Resource [P3SA] (off)
[    7.871984] ACPI: Power Resource [P0SA] (off)
[    7.875711] ACPI: Power Resource [P3SA] (off)
[    7.879938] ACPI: Power Resource [P0SA] (off)
[    7.883712] ACPI: Power Resource [P3SA] (off)
[    7.887981] ACPI: Power Resource [P0SA] (off)
[    7.895716] ACPI: Power Resource [P3SA] (off)
[    7.900573] ACPI: Power Resource [P0SA] (off)
[    7.903712] ACPI: Power Resource [P3SA] (off)
[    7.907983] ACPI: Power Resource [P0SA] (off)
[    7.911711] ACPI: Power Resource [P3SA] (off)
[    7.916707] ACPI: Power Resource [P0SA] (off)
[    7.923712] ACPI: Power Resource [P3SA] (off)
[    7.927991] ACPI: Power Resource [P0SA] (off)
[    7.931713] ACPI: Power Resource [P3SA] (off)
[    7.936040] ACPI: Power Resource [P0SA] (off)
[    7.939711] ACPI: Power Resource [P3SA] (off)
[    7.943979] ACPI: Power Resource [P0SA] (off)
[    7.951711] ACPI: Power Resource [P3SA] (off)
[    7.960570] ACPI: PCI Root Bridge [PCI0] (domain 0000 [bus 00-1f])
[    7.967699] acpi PNP0A08:00: _OSC: OS supports [ExtendedConfig ASPM ClockPM Segments MSI HPX-Type3]
[    7.975855] acpi PNP0A08:00: _OSC: platform does not support [SHPCHotplug AER LTR]
[    7.983844] acpi PNP0A08:00: _OSC: OS now controls [PCIeHotplug PME PCIeCapability]
[    7.991894] PCI host bridge to bus 0000:00
[    7.995697] pci_bus 0000:00: root bus resource [io  0x0000-0x02ff window]
[    8.003696] pci_bus 0000:00: root bus resource [io  0x0300-0x03af window]
[    8.011696] pci_bus 0000:00: root bus resource [io  0x03e0-0x0cf7 window]
[    8.015697] pci_bus 0000:00: root bus resource [io  0x1000-0x3fff window]
[    8.023696] pci_bus 0000:00: root bus resource [mem 0x000c0000-0x000dffff window]
[    8.031696] pci_bus 0000:00: root bus resource [mem 0xf6000000-0xf82fffff window]
[    8.039697] pci_bus 0000:00: root bus resource [mem 0x30081000000-0x40080ffffff window]
[    8.047731] pci_bus 0000:00: root bus resource [bus 00-1f]
[    8.051708] pci 0000:00:00.0: [1022:1480] type 00 class 0x060000
[    8.059780] pci 0000:00:00.2: [1022:1481] type 00 class 0x080600
[    8.063798] pci 0000:00:01.0: [1022:1482] type 00 class 0x060000
[    8.071768] pci 0000:00:02.0: [1022:1482] type 00 class 0x060000
[    8.075768] pci 0000:00:03.0: [1022:1482] type 00 class 0x060000
[    8.083768] pci 0000:00:04.0: [1022:1482] type 00 class 0x060000
[    8.087699] pci 0000:00:05.0: [1022:1482] type 00 class 0x060000
[    8.095769] pci 0000:00:07.0: [1022:1482] type 00 class 0x060000
[    8.099767] pci 0000:00:07.1: [1022:1484] type 01 class 0x060400
[    8.107767] pci 0000:00:07.1: PME# supported from D0 D3hot D3cold
[    8.111800] pci 0000:00:08.0: [1022:1482] type 00 class 0x060000
[    8.119768] pci 0000:00:08.1: [1022:1484] type 01 class 0x060400
[    8.123768] pci 0000:00:08.1: PME# supported from D0 D3hot D3cold
[    8.131807] pci 0000:00:14.0: [1022:790b] type 00 class 0x0c0500
[    8.135820] pci 0000:00:14.3: [1022:790e] type 00 class 0x060100
[    8.143819] pci 0000:00:18.0: [1022:1490] type 00 class 0x060000
[    8.147741] pci 0000:00:18.1: [1022:1491] type 00 class 0x060000
[    8.155744] pci 0000:00:18.2: [1022:1492] type 00 class 0x060000
[    8.159743] pci 0000:00:18.3: [1022:1493] type 00 class 0x060000
[    8.167742] pci 0000:00:18.4: [1022:1494] type 00 class 0x060000
[    8.171740] pci 0000:00:18.5: [1022:1495] type 00 class 0x060000
[    8.179739] pci 0000:00:18.6: [1022:1496] type 00 class 0x060000
[    8.183740] pci 0000:00:18.7: [1022:1497] type 00 class 0x060000
[    8.191741] pci 0000:00:19.0: [1022:1490] type 00 class 0x060000
[    8.199745] pci 0000:00:19.1: [1022:1491] type 00 class 0x060000
[    8.203752] pci 0000:00:19.2: [1022:1492] type 00 class 0x060000
[    8.211746] pci 0000:00:19.3: [1022:1493] type 00 class 0x060000
[    8.215747] pci 0000:00:19.4: [1022:1494] type 00 class 0x060000
[    8.223748] pci 0000:00:19.5: [1022:1495] type 00 class 0x060000
[    8.227745] pci 0000:00:19.6: [1022:1496] type 00 class 0x060000
[    8.235747] pci 0000:00:19.7: [1022:1497] type 00 class 0x060000
[    8.239806] pci 0000:01:00.0: [1022:148a] type 00 class 0x130000
[    8.247854] pci 0000:01:00.2: [1022:1498] type 00 class 0x108000
[    8.251715] pci 0000:01:00.2: reg 0x18: [mem 0xf8200000-0xf827ffff]
[    8.259710] pci 0000:01:00.2: reg 0x24: [mem 0xf8280000-0xf8281fff]
[    8.263820] pci 0000:00:07.1: PCI bridge to [bus 01]
[    8.271700] pci 0000:00:07.1:   bridge window [mem 0xf8200000-0xf82fffff]
[    8.275758] pci 0000:02:00.0: [1022:1485] type 00 class 0x130000
[    8.283869] pci 0000:02:00.2: [1022:1498] type 00 class 0x108000
[    8.287716] pci 0000:02:00.2: reg 0x18: [mem 0xf8100000-0xf817ffff]
[    8.295711] pci 0000:02:00.2: reg 0x24: [mem 0xf8180000-0xf8181fff]
[    8.299812] pci 0000:02:00.3: [1022:148c] type 00 class 0x0c0330
[    8.307708] pci 0000:02:00.3: reg 0x10: [mem 0xf8000000-0xf80fffff 64bit]
[    8.315770] pci 0000:02:00.3: PME# supported from D0 D3hot D3cold
[    8.319773] pci 0000:00:08.1: PCI bridge to [bus 02]
[    8.327700] pci 0000:00:08.1:   bridge window [mem 0xf8000000-0xf81fffff]
[    8.331709] pci_bus 0000:00: on NUMA node 0
[    8.332509] ACPI: PCI Root Bridge [S0D2] (domain 0000 [bus 20-3f])
[    8.339698] acpi PNP0A08:01: _OSC: OS supports [ExtendedConfig ASPM ClockPM Segments MSI HPX-Type3]
[    8.347855] acpi PNP0A08:01: _OSC: platform does not support [SHPCHotplug AER LTR]
[    8.355826] acpi PNP0A08:01: _OSC: OS now controls [PCIeHotplug PME PCIeCapability]
[    8.363863] PCI host bridge to bus 0000:20
[    8.367696] pci_bus 0000:20: root bus resource [io  0x4000-0x4fff window]
[    8.375696] pci_bus 0000:20: root bus resource [mem 0xa4000000-0xa65fffff window]
[    8.383696] pci_bus 0000:20: root bus resource [mem 0x20081000000-0x30080ffffff window]
[    8.391696] pci_bus 0000:20: root bus resource [bus 20-3f]
[    8.395705] pci 0000:20:00.0: [1022:1480] type 00 class 0x060000
[    8.403772] pci 0000:20:00.2: [1022:1481] type 00 class 0x080600
[    8.407795] pci 0000:20:01.0: [1022:1482] type 00 class 0x060000
[    8.415764] pci 0000:20:02.0: [1022:1482] type 00 class 0x060000
[    8.419761] pci 0000:20:03.0: [1022:1482] type 00 class 0x060000
[    8.427773] pci 0000:20:03.1: [1022:1483] type 01 class 0x060400
[    8.431766] pci 0000:20:03.1: PME# supported from D0 D3hot D3cold
[    8.439784] pci 0000:20:04.0: [1022:1482] type 00 class 0x060000
[    8.443762] pci 0000:20:05.0: [1022:1482] type 00 class 0x060000
[    8.451764] pci 0000:20:07.0: [1022:1482] type 00 class 0x060000
[    8.455767] pci 0000:20:07.1: [1022:1484] type 01 class 0x060400
[    8.463763] pci 0000:20:07.1: PME# supported from D0 D3hot D3cold
[    8.467789] pci 0000:20:08.0: [1022:1482] type 00 class 0x060000
[    8.475768] pci 0000:20:08.1: [1022:1484] type 01 class 0x060400
[    8.479765] pci 0000:20:08.1: PME# supported from D0 D3hot D3cold
[    8.487970] pci 0000:21:00.0: [15b3:101b] type 00 class 0x020000
[    8.495821] pci 0000:21:00.0: reg 0x10: [mem 0x3007e000000-0x3007fffffff 64bit pref]
[    8.499955] pci 0000:21:00.0: reg 0x30: [mem 0xa6400000-0xa64fffff pref]
[    8.508322] pci 0000:21:00.0: PME# supported from D3cold
[    8.516284] pci 0000:21:00.1: [15b3:101b] type 00 class 0x020000
[    8.519821] pci 0000:21:00.1: reg 0x10: [mem 0x3007c000000-0x3007dffffff 64bit pref]
[    8.527955] pci 0000:21:00.1: reg 0x30: [mem 0xa6300000-0xa63fffff pref]
[    8.535806] pci 0000:21:00.1: PME# supported from D3cold
[    8.544037] pci 0000:20:03.1: PCI bridge to [bus 21]
[    8.547699] pci 0000:20:03.1:   bridge window [mem 0xa6300000-0xa64fffff]
[    8.555698] pci 0000:20:03.1:   bridge window [mem 0x3007c000000-0x3007fffffff 64bit pref]
[    8.563746] pci 0000:22:00.0: [1022:148a] type 00 class 0x130000
[    8.567855] pci 0000:22:00.2: [1022:1498] type 00 class 0x108000
[    8.575713] pci 0000:22:00.2: reg 0x18: [mem 0xa6500000-0xa657ffff]
[    8.579710] pci 0000:22:00.2: reg 0x24: [mem 0xa6580000-0xa6581fff]
[    8.587810] pci 0000:20:07.1: PCI bridge to [bus 22]
[    8.591699] pci 0000:20:07.1:   bridge window [mem 0xa6500000-0xa65fffff]
[    8.599758] pci 0000:23:00.0: [1022:1485] type 00 class 0x130000
[    8.603861] pci 0000:23:00.1: [1022:1486] type 00 class 0x108000
[    8.611715] pci 0000:23:00.1: reg 0x18: [mem 0xa6100000-0xa61fffff]
[    8.615711] pci 0000:23:00.1: reg 0x24: [mem 0xa6282000-0xa6283fff]
[    8.623810] pci 0000:23:00.2: [1022:1498] type 00 class 0x108000
[    8.627715] pci 0000:23:00.2: reg 0x18: [mem 0xa6200000-0xa627ffff]
[    8.635711] pci 0000:23:00.2: reg 0x24: [mem 0xa6280000-0xa6281fff]
[    8.643808] pci 0000:23:00.3: [1022:148c] type 00 class 0x0c0330
[    8.647709] pci 0000:23:00.3: reg 0x10: [mem 0xa6000000-0xa60fffff 64bit]
[    8.655768] pci 0000:23:00.3: PME# supported from D0 D3hot D3cold
[    8.659779] pci 0000:20:08.1: PCI bridge to [bus 23]
[    8.667699] pci 0000:20:08.1:   bridge window [mem 0xa6000000-0xa62fffff]
[    8.671712] pci_bus 0000:20: on NUMA node 0
[    8.672030] ACPI: PCI Root Bridge [S0D1] (domain 0000 [bus 40-5f])
[    8.679697] acpi PNP0A08:02: _OSC: OS supports [ExtendedConfig ASPM ClockPM Segments MSI HPX-Type3]
[    8.687855] acpi PNP0A08:02: _OSC: platform does not support [SHPCHotplug AER LTR]
[    8.695843] acpi PNP0A08:02: _OSC: OS now controls [PCIeHotplug PME PCIeCapability]
[    8.703711] PCI host bridge to bus 0000:40
[    8.707697] pci_bus 0000:40: root bus resource [io  0x5000-0x6fff window]
[    8.715696] pci_bus 0000:40: root bus resource [mem 0xf0000000-0xf24fffff window]
[    8.723696] pci_bus 0000:40: root bus resource [mem 0x18021000000-0x20020ffffff window]
[    8.731696] pci_bus 0000:40: root bus resource [bus 40-5f]
[    8.735704] pci 0000:40:00.0: [1022:1480] type 00 class 0x060000
[    8.743769] pci 0000:40:00.2: [1022:1481] type 00 class 0x080600
[    8.747735] pci 0000:40:01.0: [1022:1482] type 00 class 0x060000
[    8.755763] pci 0000:40:01.1: [1022:1483] type 01 class 0x060400
[    8.759767] pci 0000:40:01.1: PME# supported from D0 D3hot D3cold
[    8.767779] pci 0000:40:02.0: [1022:1482] type 00 class 0x060000
[    8.771757] pci 0000:40:03.0: [1022:1482] type 00 class 0x060000
[    8.779759] pci 0000:40:04.0: [1022:1482] type 00 class 0x060000
[    8.783757] pci 0000:40:05.0: [1022:1482] type 00 class 0x060000
[    8.791759] pci 0000:40:07.0: [1022:1482] type 00 class 0x060000
[    8.795763] pci 0000:40:07.1: [1022:1484] type 01 class 0x060400
[    8.803764] pci 0000:40:07.1: PME# supported from D0 D3hot D3cold
[    8.807782] pci 0000:40:08.0: [1022:1482] type 00 class 0x060000
[    8.815773] pci 0000:40:08.1: [1022:1484] type 01 class 0x060400
[    8.819766] pci 0000:40:08.1: PME# supported from D0 D3hot D3cold
[    8.827789] pci 0000:40:08.2: [1022:1484] type 01 class 0x060400
[    8.831767] pci 0000:40:08.2: PME# supported from D0 D3hot D3cold
[    8.839971] pci 0000:41:00.0: [15b3:1015] type 00 class 0x020000
[    8.847831] pci 0000:41:00.0: reg 0x10: [mem 0x2001e000000-0x2001fffffff 64bit pref]
[    8.855969] pci 0000:41:00.0: reg 0x30: [mem 0xf2100000-0xf21fffff pref]
[    8.860337] pci 0000:41:00.0: PME# supported from D3cold
[    8.867959] pci 0000:41:00.0: reg 0x1a4: [mem 0x20020800000-0x200208fffff 64bit pref]
[    8.875697] pci 0000:41:00.0: VF(n) BAR0 space: [mem 0x20020800000-0x20020ffffff 64bit pref] (contains BAR0 for 8 VFs)
[    8.884758] pci 0000:41:00.1: [15b3:1015] type 00 class 0x020000
[    8.891831] pci 0000:41:00.1: reg 0x10: [mem 0x2001c000000-0x2001dffffff 64bit pref]
[    8.899970] pci 0000:41:00.1: reg 0x30: [mem 0xf2000000-0xf20fffff pref]
[    8.908285] pci 0000:41:00.1: PME# supported from D3cold
[    8.911941] pci 0000:41:00.1: reg 0x1a4: [mem 0x20020000000-0x200200fffff 64bit pref]
[    8.919696] pci 0000:41:00.1: VF(n) BAR0 space: [mem 0x20020000000-0x200207fffff 64bit pref] (contains BAR0 for 8 VFs)
[    8.932488] pci 0000:40:01.1: PCI bridge to [bus 41]
[    8.939700] pci 0000:40:01.1:   bridge window [mem 0xf2000000-0xf21fffff]
[    8.943699] pci 0000:40:01.1:   bridge window [mem 0x2001c000000-0x20020ffffff 64bit pref]
[    8.951749] pci 0000:42:00.0: [1022:148a] type 00 class 0x130000
[    8.959850] pci 0000:42:00.2: [1022:1498] type 00 class 0x108000
[    8.963714] pci 0000:42:00.2: reg 0x18: [mem 0xf2400000-0xf247ffff]
[    8.971710] pci 0000:42:00.2: reg 0x24: [mem 0xf2480000-0xf2481fff]
[    8.979808] pci 0000:40:07.1: PCI bridge to [bus 42]
[    8.983699] pci 0000:40:07.1:   bridge window [mem 0xf2400000-0xf24fffff]
[    8.991758] pci 0000:43:00.0: [1022:1485] type 00 class 0x130000
[    8.995863] pci 0000:43:00.2: [1022:1498] type 00 class 0x108000
[    9.003716] pci 0000:43:00.2: reg 0x18: [mem 0xf2300000-0xf237ffff]
[    9.007711] pci 0000:43:00.2: reg 0x24: [mem 0xf2380000-0xf2381fff]
[    9.015815] pci 0000:40:08.1: PCI bridge to [bus 43]
[    9.019699] pci 0000:40:08.1:   bridge window [mem 0xf2300000-0xf23fffff]
[    9.027745] pci 0000:44:00.0: [1022:7901] type 00 class 0x010601
[    9.031731] pci 0000:44:00.0: reg 0x24: [mem 0xf2200000-0xf22007ff]
[    9.039760] pci 0000:44:00.0: PME# supported from D3hot D3cold
[    9.043778] pci 0000:40:08.2: PCI bridge to [bus 44]
[    9.051700] pci 0000:40:08.2:   bridge window [mem 0xf2200000-0xf22fffff]
[    9.055717] pci_bus 0000:40: on NUMA node 0
[    9.056053] ACPI: PCI Root Bridge [S0D0] (domain 0000 [bus 60-7f])
[    9.063697] acpi PNP0A08:03: _OSC: OS supports [ExtendedConfig ASPM ClockPM Segments MSI HPX-Type3]
[    9.071861] acpi PNP0A08:03: _OSC: platform does not support [SHPCHotplug AER LTR]
[    9.079850] acpi PNP0A08:03: _OSC: OS now controls [PCIeHotplug PME PCIeCapability]
[    9.087868] PCI host bridge to bus 0000:60
[    9.091696] pci_bus 0000:60: root bus resource [io  0x03b0-0x03df window]
[    9.099696] pci_bus 0000:60: root bus resource [io  0x7000-0x8fff window]
[    9.103696] pci_bus 0000:60: root bus resource [mem 0x000a0000-0x000bffff window]
[    9.111696] pci_bus 0000:60: root bus resource [mem 0xaa000000-0xaf1fffff window]
[    9.119696] pci_bus 0000:60: root bus resource [mem 0x10021000000-0x18020ffffff window]
[    9.127696] pci_bus 0000:60: root bus resource [bus 60-7f]
[    9.135704] pci 0000:60:00.0: [1022:1480] type 00 class 0x060000
[    9.139770] pci 0000:60:00.2: [1022:1481] type 00 class 0x080600
[    9.147787] pci 0000:60:01.0: [1022:1482] type 00 class 0x060000
[    9.151757] pci 0000:60:02.0: [1022:1482] type 00 class 0x060000
[    9.159758] pci 0000:60:03.0: [1022:1482] type 00 class 0x060000
[    9.163764] pci 0000:60:03.2: [1022:1483] type 01 class 0x060400
[    9.171765] pci 0000:60:03.2: PME# supported from D0 D3hot D3cold
[    9.175782] pci 0000:60:03.3: [1022:1483] type 01 class 0x060400
[    9.183764] pci 0000:60:03.3: PME# supported from D0 D3hot D3cold
[    9.187784] pci 0000:60:03.6: [1022:1483] type 01 class 0x060400
[    9.195764] pci 0000:60:03.6: PME# supported from D0 D3hot D3cold
[    9.199777] pci 0000:60:04.0: [1022:1482] type 00 class 0x060000
[    9.207758] pci 0000:60:05.0: [1022:1482] type 00 class 0x060000
[    9.211758] pci 0000:60:07.0: [1022:1482] type 00 class 0x060000
[    9.219760] pci 0000:60:07.1: [1022:1484] type 01 class 0x060400
[    9.223761] pci 0000:60:07.1: PME# supported from D0 D3hot D3cold
[    9.231787] pci 0000:60:08.0: [1022:1482] type 00 class 0x060000
[    9.235768] pci 0000:60:08.1: [1022:1484] type 01 class 0x060400
[    9.243764] pci 0000:60:08.1: PME# supported from D0 D3hot D3cold
[    9.247837] pci 0000:61:00.0: [1344:51c1] type 00 class 0x010802
[    9.255711] pci 0000:61:00.0: reg 0x10: [mem 0xae580000-0xae5bffff 64bit]
[    9.263719] pci 0000:61:00.0: reg 0x20: [mem 0xae540000-0xae57ffff 64bit]
[    9.267702] pci 0000:61:00.0: reg 0x30: [mem 0xae500000-0xae53ffff pref]
[    9.275762] pci 0000:61:00.0: PME# supported from D0 D1 D3hot
[    9.283782] pci 0000:60:03.2: PCI bridge to [bus 61]
[    9.287700] pci 0000:60:03.2:   bridge window [mem 0xae500000-0xae5fffff]
[    9.295753] pci 0000:62:00.0: [8086:1521] type 00 class 0x020000
[    9.299711] pci 0000:62:00.0: reg 0x10: [mem 0xae420000-0xae43ffff]
[    9.307712] pci 0000:62:00.0: reg 0x18: [io  0x8020-0x803f]
[    9.311704] pci 0000:62:00.0: reg 0x1c: [mem 0xae444000-0xae447fff]
[    9.319805] pci 0000:62:00.0: PME# supported from D0 D3hot D3cold
[    9.323732] pci 0000:62:00.0: reg 0x184: [mem 0x18020f60000-0x18020f63fff 64bit pref]
[    9.331696] pci 0000:62:00.0: VF(n) BAR0 space: [mem 0x18020f60000-0x18020f7ffff 64bit pref] (contains BAR0 for 8 VFs)
[    9.343715] pci 0000:62:00.0: reg 0x190: [mem 0x18020f40000-0x18020f43fff 64bit pref]
[    9.351696] pci 0000:62:00.0: VF(n) BAR3 space: [mem 0x18020f40000-0x18020f5ffff 64bit pref] (contains BAR3 for 8 VFs)
[    9.359778] pci 0000:62:00.0: 8.000 Gb/s available PCIe bandwidth, limited by 5.0 GT/s PCIe x2 link at 0000:60:03.3 (capable of 16.000 Gb/s with 5.0 GT/s PCIe x4 link)
[    9.375745] pci 0000:62:00.1: [8086:1521] type 00 class 0x020000
[    9.383711] pci 0000:62:00.1: reg 0x10: [mem 0xae400000-0xae41ffff]
[    9.387712] pci 0000:62:00.1: reg 0x18: [io  0x8000-0x801f]
[    9.395703] pci 0000:62:00.1: reg 0x1c: [mem 0xae440000-0xae443fff]
[    9.399800] pci 0000:62:00.1: PME# supported from D0 D3hot D3cold
[    9.407726] pci 0000:62:00.1: reg 0x184: [mem 0x18020f20000-0x18020f23fff 64bit pref]
[    9.415696] pci 0000:62:00.1: VF(n) BAR0 space: [mem 0x18020f20000-0x18020f3ffff 64bit pref] (contains BAR0 for 8 VFs)
[    9.423715] pci 0000:62:00.1: reg 0x190: [mem 0x18020f00000-0x18020f03fff 64bit pref]
[    9.431696] pci 0000:62:00.1: VF(n) BAR3 space: [mem 0x18020f00000-0x18020f1ffff 64bit pref] (contains BAR3 for 8 VFs)
[    9.443812] pci 0000:60:03.3: PCI bridge to [bus 62]
[    9.447698] pci 0000:60:03.3:   bridge window [io  0x8000-0x8fff]
[    9.455697] pci 0000:60:03.3:   bridge window [mem 0xae400000-0xae4fffff]
[    9.459698] pci 0000:60:03.3:   bridge window [mem 0x18020f00000-0x18020ffffff 64bit pref]
[    9.471749] pci 0000:63:00.0: [1a03:1150] type 01 class 0x060400
[    9.475831] pci 0000:63:00.0: supports D1 D2
[    9.479696] pci 0000:63:00.0: PME# supported from D0 D1 D2 D3hot D3cold
[    9.487783] pci 0000:60:03.6: PCI bridge to [bus 63-64]
[    9.491698] pci 0000:60:03.6:   bridge window [io  0x7000-0x7fff]
[    9.499697] pci 0000:60:03.6:   bridge window [mem 0xac000000-0xae0fffff]
[    9.503741] pci_bus 0000:64: extended config space not accessible
[    9.511717] pci 0000:64:00.0: [1a03:2000] type 00 class 0x030000
[    9.515718] pci 0000:64:00.0: reg 0x10: [mem 0xac000000-0xadffffff]
[    9.523708] pci 0000:64:00.0: reg 0x14: [mem 0xae000000-0xae01ffff]
[    9.531708] pci 0000:64:00.0: reg 0x18: [io  0x7000-0x707f]
[    9.535752] pci 0000:64:00.0: BAR 0: assigned to efifb
[    9.539741] pci 0000:64:00.0: supports D1 D2
[    9.543696] pci 0000:64:00.0: PME# supported from D0 D1 D2 D3hot D3cold
[    9.551785] pci 0000:63:00.0: PCI bridge to [bus 64]
[    9.555702] pci 0000:63:00.0:   bridge window [io  0x7000-0x7fff]
[    9.563700] pci 0000:63:00.0:   bridge window [mem 0xac000000-0xae0fffff]
[    9.567763] pci 0000:65:00.0: [1022:148a] type 00 class 0x130000
[    9.575846] pci 0000:65:00.2: [1022:1498] type 00 class 0x108000
[    9.583713] pci 0000:65:00.2: reg 0x18: [mem 0xae300000-0xae37ffff]
[    9.587709] pci 0000:65:00.2: reg 0x24: [mem 0xae380000-0xae381fff]
[    9.595805] pci 0000:60:07.1: PCI bridge to [bus 65]
[    9.599699] pci 0000:60:07.1:   bridge window [mem 0xae300000-0xae3fffff]
[    9.607756] pci 0000:66:00.0: [1022:1485] type 00 class 0x130000
[    9.611781] pci 0000:66:00.2: [1022:1498] type 00 class 0x108000
[    9.619715] pci 0000:66:00.2: reg 0x18: [mem 0xae200000-0xae27ffff]
[    9.623712] pci 0000:66:00.2: reg 0x24: [mem 0xae280000-0xae281fff]
[    9.631811] pci 0000:60:08.1: PCI bridge to [bus 66]
[    9.635699] pci 0000:60:08.1:   bridge window [mem 0xae200000-0xae2fffff]
[    9.643720] pci_bus 0000:60: on NUMA node 0
[    9.644057] ACPI: PCI Root Bridge [S1D3] (domain 0000 [bus 80-9f])
[    9.647697] acpi PNP0A08:04: _OSC: OS supports [ExtendedConfig ASPM ClockPM Segments MSI HPX-Type3]
[    9.659857] acpi PNP0A08:04: _OSC: platform does not support [SHPCHotplug AER LTR]
[    9.667848] acpi PNP0A08:04: _OSC: OS now controls [PCIeHotplug PME PCIeCapability]
[    9.675847] PCI host bridge to bus 0000:80
[    9.679696] pci_bus 0000:80: root bus resource [io  0x9000-0xbfff window]
[    9.683698] pci_bus 0000:80: root bus resource [mem 0x90000000-0x923fffff window]
[    9.691696] pci_bus 0000:80: root bus resource [mem 0x58141000000-0x60140ffffff window]
[    9.699696] pci_bus 0000:80: root bus resource [bus 80-9f]
[    9.707705] pci 0000:80:00.0: [1022:1480] type 00 class 0x060000
[    9.711775] pci 0000:80:00.2: [1022:1481] type 00 class 0x080600
[    9.719802] pci 0000:80:01.0: [1022:1482] type 00 class 0x060000
[    9.723771] pci 0000:80:01.1: [1022:1483] type 01 class 0x060400
[    9.731788] pci 0000:80:01.1: PME# supported from D0 D3hot D3cold
[    9.735782] pci 0000:80:01.2: [1022:1483] type 01 class 0x060400
[    9.743790] pci 0000:80:01.2: PME# supported from D0 D3hot D3cold
[    9.747779] pci 0000:80:02.0: [1022:1482] type 00 class 0x060000
[    9.755772] pci 0000:80:03.0: [1022:1482] type 00 class 0x060000
[    9.759770] pci 0000:80:04.0: [1022:1482] type 00 class 0x060000
[    9.767771] pci 0000:80:05.0: [1022:1482] type 00 class 0x060000
[    9.771770] pci 0000:80:07.0: [1022:1482] type 00 class 0x060000
[    9.779769] pci 0000:80:07.1: [1022:1484] type 01 class 0x060400
[    9.783775] pci 0000:80:07.1: PME# supported from D0 D3hot D3cold
[    9.791795] pci 0000:80:08.0: [1022:1482] type 00 class 0x060000
[    9.795769] pci 0000:80:08.1: [1022:1484] type 01 class 0x060400
[    9.803780] pci 0000:80:08.1: PME# supported from D0 D3hot D3cold
[    9.807923] pci 0000:81:00.0: [1e0f:0007] type 00 class 0x010802
[    9.815714] pci 0000:81:00.0: reg 0x10: [mem 0x92310000-0x92317fff 64bit]
[    9.823730] pci 0000:81:00.0: reg 0x30: [mem 0x92300000-0x9230ffff pref]
[    9.828074] pci 0000:80:01.1: PCI bridge to [bus 81]
[    9.835699] pci 0000:80:01.1:   bridge window [io  0x9000-0x9fff]
[    9.839697] pci 0000:80:01.1:   bridge window [mem 0x92300000-0x923fffff]
[    9.847699] pci 0000:80:01.1:   bridge window [mem 0x58141000000-0x581411fffff 64bit pref]
[    9.855760] pci 0000:82:00.0: [1e0f:0007] type 00 class 0x010802
[    9.863714] pci 0000:82:00.0: reg 0x10: [mem 0x92210000-0x92217fff 64bit]
[    9.867730] pci 0000:82:00.0: reg 0x30: [mem 0x92200000-0x9220ffff pref]
[    9.875849] pci 0000:80:01.2: PCI bridge to [bus 82]
[    9.879699] pci 0000:80:01.2:   bridge window [io  0xa000-0xafff]
[    9.887697] pci 0000:80:01.2:   bridge window [mem 0x92200000-0x922fffff]
[    9.891699] pci 0000:80:01.2:   bridge window [mem 0x58141200000-0x581413fffff 64bit pref]
[    9.903751] pci 0000:83:00.0: [1022:148a] type 00 class 0x130000
[    9.907872] pci 0000:83:00.2: [1022:1498] type 00 class 0x108000
[    9.915717] pci 0000:83:00.2: reg 0x18: [mem 0x92100000-0x9217ffff]
[    9.919712] pci 0000:83:00.2: reg 0x24: [mem 0x92180000-0x92181fff]
[    9.927819] pci 0000:80:07.1: PCI bridge to [bus 83]
[    9.931701] pci 0000:80:07.1:   bridge window [mem 0x92100000-0x921fffff]
[    9.939765] pci 0000:84:00.0: [1022:1485] type 00 class 0x130000
[    9.943884] pci 0000:84:00.2: [1022:1498] type 00 class 0x108000
[    9.951718] pci 0000:84:00.2: reg 0x18: [mem 0x92000000-0x9207ffff]
[    9.955713] pci 0000:84:00.2: reg 0x24: [mem 0x92080000-0x92081fff]
[    9.963826] pci 0000:80:08.1: PCI bridge to [bus 84]
[    9.967700] pci 0000:80:08.1:   bridge window [mem 0x92000000-0x920fffff]
[    9.975720] pci_bus 0000:80: on NUMA node 1
[    9.976055] ACPI: PCI Root Bridge [S1D2] (domain 0000 [bus a0-bf])
[    9.979697] acpi PNP0A08:05: _OSC: OS supports [ExtendedConfig ASPM ClockPM Segments MSI HPX-Type3]
[    9.991863] acpi PNP0A08:05: _OSC: platform does not support [SHPCHotplug AER LTR]
[    9.999848] acpi PNP0A08:05: _OSC: OS now controls [PCIeHotplug PME PCIeCapability]
[   10.007843] PCI host bridge to bus 0000:a0
[   10.011696] pci_bus 0000:a0: root bus resource [io  0xc000-0xcfff window]
[   10.015696] pci_bus 0000:a0: root bus resource [mem 0x96000000-0x986fffff window]
[   10.023696] pci_bus 0000:a0: root bus resource [mem 0x50141000000-0x58140ffffff window]
[   10.031696] pci_bus 0000:a0: root bus resource [bus a0-bf]
[   10.039705] pci 0000:a0:00.0: [1022:1480] type 00 class 0x060000
[   10.043722] pci 0000:a0:00.2: [1022:1481] type 00 class 0x080600
[   10.051797] pci 0000:a0:01.0: [1022:1482] type 00 class 0x060000
[   10.055768] pci 0000:a0:02.0: [1022:1482] type 00 class 0x060000
[   10.063762] pci 0000:a0:03.0: [1022:1482] type 00 class 0x060000
[   10.067769] pci 0000:a0:03.1: [1022:1483] type 01 class 0x060400
[   10.075786] pci 0000:a0:03.1: PME# supported from D0 D3hot D3cold
[   10.079781] pci 0000:a0:03.2: [1022:1483] type 01 class 0x060400
[   10.087785] pci 0000:a0:03.2: PME# supported from D0 D3hot D3cold
[   10.091779] pci 0000:a0:03.3: [1022:1483] type 01 class 0x060400
[   10.099786] pci 0000:a0:03.3: PME# supported from D0 D3hot D3cold
[   10.103779] pci 0000:a0:03.4: [1022:1483] type 01 class 0x060400
[   10.111786] pci 0000:a0:03.4: PME# supported from D0 D3hot D3cold
[   10.115772] pci 0000:a0:04.0: [1022:1482] type 00 class 0x060000
[   10.123764] pci 0000:a0:05.0: [1022:1482] type 00 class 0x060000
[   10.131765] pci 0000:a0:07.0: [1022:1482] type 00 class 0x060000
[   10.135767] pci 0000:a0:07.1: [1022:1484] type 01 class 0x060400
[   10.143773] pci 0000:a0:07.1: PME# supported from D0 D3hot D3cold
[   10.147788] pci 0000:a0:08.0: [1022:1482] type 00 class 0x060000
[   10.155768] pci 0000:a0:08.1: [1022:1484] type 01 class 0x060400
[   10.159740] pci 0000:a0:08.1: PME# supported from D0 D3hot D3cold
[   10.167859] pci 0000:a1:00.0: [1e0f:0007] type 00 class 0x010802
[   10.171714] pci 0000:a1:00.0: reg 0x10: [mem 0x98610000-0x98617fff 64bit]
[   10.179744] pci 0000:a1:00.0: reg 0x30: [mem 0x98600000-0x9860ffff pref]
[   10.187856] pci 0000:a0:03.1: PCI bridge to [bus a1]
[   10.191700] pci 0000:a0:03.1:   bridge window [mem 0x98600000-0x986fffff]
[   10.199700] pci 0000:a0:03.1:   bridge window [mem 0x50141000000-0x501411fffff 64bit pref]
[   10.207760] pci 0000:a2:00.0: [1e0f:0007] type 00 class 0x010802
[   10.211713] pci 0000:a2:00.0: reg 0x10: [mem 0x98510000-0x98517fff 64bit]
[   10.219730] pci 0000:a2:00.0: reg 0x30: [mem 0x98500000-0x9850ffff pref]
[   10.227846] pci 0000:a0:03.2: PCI bridge to [bus a2]
[   10.231701] pci 0000:a0:03.2:   bridge window [mem 0x98500000-0x985fffff]
[   10.239698] pci 0000:a0:03.2:   bridge window [mem 0x50141200000-0x501413fffff 64bit pref]
[   10.247758] pci 0000:a3:00.0: [1e0f:0007] type 00 class 0x010802
[   10.251712] pci 0000:a3:00.0: reg 0x10: [mem 0x98410000-0x98417fff 64bit]
[   10.259730] pci 0000:a3:00.0: reg 0x30: [mem 0x98400000-0x9840ffff pref]
[   10.263883] pci 0000:a0:03.3: PCI bridge to [bus a3]
[   10.271700] pci 0000:a0:03.3:   bridge window [mem 0x98400000-0x984fffff]
[   10.275699] pci 0000:a0:03.3:   bridge window [mem 0x50141400000-0x501415fffff 64bit pref]
[   10.287767] pci 0000:a4:00.0: [1e0f:0007] type 00 class 0x010802
[   10.291713] pci 0000:a4:00.0: reg 0x10: [mem 0x98310000-0x98317fff 64bit]
[   10.299730] pci 0000:a4:00.0: reg 0x30: [mem 0x98300000-0x9830ffff pref]
[   10.303990] pci 0000:a0:03.4: PCI bridge to [bus a4]
[   10.311699] pci 0000:a0:03.4:   bridge window [io  0xc000-0xcfff]
[   10.315698] pci 0000:a0:03.4:   bridge window [mem 0x98300000-0x983fffff]
